Command line invocation:
    /Applications/Xcode.app/Contents/Developer/usr/bin/xcodebuild -project DumFlow.xcodeproj -scheme DumFlow -sdk iphonesimulator build

Build settings from command line:
    SDKROOT = iphonesimulator18.5

--- xcodebuild: WARNING: Using the first of multiple matching destinations:
{ platform:iOS Simulator, id:dvtdevice-DVTiOSDeviceSimulatorPlaceholder-iphonesimulator:placeholder, name:Any iOS Simulator Device }
{ platform:iOS Simulator, arch:arm64, id:33B07D03-E615-40F1-8EE3-9B1CA7ABC6FD, OS:26.0, name:iOS 26.0 }
{ platform:iOS Simulator, arch:arm64, id:CDE99C86-CD43-499A-AEE1-E5BB888F0E51, OS:26.0, name:iPad (A16) }
{ platform:iOS Simulator, arch:arm64, id:AE2020F8-CB7E-43CE-87C1-049F33040755, OS:26.0, name:iPad Air 11-inch (M3) }
{ platform:iOS Simulator, arch:arm64, id:1385CD8E-E5AC-4709-886E-843CF3681E7F, OS:26.0, name:iPad Air 13-inch (M3) }
{ platform:iOS Simulator, arch:arm64, id:4730F103-6082-4CE9-B9EB-54C70DA0D65C, OS:26.0, name:iPad Pro 11-inch (M4) }
{ platform:iOS Simulator, arch:arm64, id:81205782-7208-44AB-89C2-F24C9D92CD16, OS:26.0, name:iPad Pro 13-inch (M4) }
{ platform:iOS Simulator, arch:arm64, id:CF0CF5E1-4B02-470E-98D9-C23CEDB719B0, OS:26.0, name:iPad mini (A17 Pro) }
{ platform:iOS Simulator, arch:arm64, id:1A84F7F3-BB9C-4E9C-8AD9-A4927563EC6C, OS:26.0, name:iPhone 16 }
{ platform:iOS Simulator, arch:arm64, id:95FE8325-228F-436D-A0DF-62F2DEA8188A, OS:26.0, name:iPhone 16 Plus }
{ platform:iOS Simulator, arch:arm64, id:3EF516C1-64B1-4376-979F-A0269D5F2250, OS:26.0, name:iPhone 16 Pro }
{ platform:iOS Simulator, arch:arm64, id:960070F4-8132-43E2-9DBB-1525E3FE2637, OS:26.0, name:iPhone 16 Pro Max }
{ platform:iOS Simulator, arch:arm64, id:B927CA91-1639-4A43-898C-CA344FB756D4, OS:26.0, name:iPhone 16e }
{ platform:iOS, id:dvtdevice-DVTiPhonePlaceholder-iphoneos:placeholder, name:Any iOS Device }
{ platform:iOS, arch:arm64, id:00008130-001C1DE42461401C, name:myPhone }
ComputePackagePrebuildTargetDependencyGraph

Prepare packages

CreateBuildRequest

SendProjectDescription

CreateBuildOperation

ComputeTargetDependencyGraph
note: Building targets in dependency order
note: Target dependency graph (2 targets)
    Target 'DumFlow' in project 'DumFlow'
        ➜ Explicit dependency on target 'DumFlowShareExtension' in project 'DumFlow'
    Target 'DumFlowShareExtension' in project 'DumFlow' (no dependencies)

GatherProvisioningInputs

CreateBuildDescription

ExecuteExternalTool /Applications/Xcode.app/Contents/Developer/Toolchains/XcodeDefault.xctoolchain/usr/bin/swiftc --version

ExecuteExternalTool /Applications/Xcode.app/Contents/Developer/Toolchains/XcodeDefault.xctoolchain/usr/bin/clang -v -E -dM -isysroot /Applications/Xcode.app/Contents/Developer/Platforms/iPhoneSimulator.platform/Developer/SDKs/iPhoneSimulator18.5.sdk -x c -c /dev/null

ExecuteExternalTool /Applications/Xcode.app/Contents/Developer/usr/bin/actool --print-asset-tag-combinations --output-format xml1 /Users/isaacherskowitz/Swift/_DumFlow/DumFlow/DumFlow/Assets.xcassets

ExecuteExternalTool /Applications/Xcode.app/Contents/Developer/Toolchains/XcodeDefault.xctoolchain/usr/bin/ld -version_details

ExecuteExternalTool /Applications/Xcode.app/Contents/Developer/usr/bin/actool --version --output-format xml1

Build description signature: 7ddd2ab699f627daba7b9aa25c12f373
Build description path: /Users/isaacherskowitz/Library/Developer/Xcode/DerivedData/DumFlow-bahhtdjyrsbrxwbomcgsfowybmln/Build/Intermediates.noindex/XCBuildData/7ddd2ab699f627daba7b9aa25c12f373.xcbuilddata
ClangStatCache /Applications/Xcode.app/Contents/Developer/Toolchains/XcodeDefault.xctoolchain/usr/bin/clang-stat-cache /Applications/Xcode.app/Contents/Developer/Platforms/iPhoneSimulator.platform/Developer/SDKs/iPhoneSimulator18.5.sdk /Users/isaacherskowitz/Library/Developer/Xcode/DerivedData/SDKStatCaches.noindex/iphonesimulator18.5-22F76-d5fc8ad4295d2ef488fb7d0f804ce0c4.sdkstatcache
    cd /Users/isaacherskowitz/Swift/_DumFlow/DumFlow/DumFlow.xcodeproj
    /Applications/Xcode.app/Contents/Developer/Toolchains/XcodeDefault.xctoolchain/usr/bin/clang-stat-cache /Applications/Xcode.app/Contents/Developer/Platforms/iPhoneSimulator.platform/Developer/SDKs/iPhoneSimulator18.5.sdk -o /Users/isaacherskowitz/Library/Developer/Xcode/DerivedData/SDKStatCaches.noindex/iphonesimulator18.5-22F76-d5fc8ad4295d2ef488fb7d0f804ce0c4.sdkstatcache

ProcessInfoPlistFile /Users/isaacherskowitz/Library/Developer/Xcode/DerivedData/DumFlow-bahhtdjyrsbrxwbomcgsfowybmln/Build/Products/Debug-iphonesimulator/DumFlowShareExtension.appex/Info.plist /Users/isaacherskowitz/Swift/_DumFlow/DumFlow/DumFlowShareExtension/Info.plist (in target 'DumFlowShareExtension' from project 'DumFlow')
    cd /Users/isaacherskowitz/Swift/_DumFlow/DumFlow
    builtin-infoPlistUtility /Users/isaacherskowitz/Swift/_DumFlow/DumFlow/DumFlowShareExtension/Info.plist -producttype com.apple.product-type.app-extension -expandbuildsettings -format binary -platform iphonesimulator -o /Users/isaacherskowitz/Library/Developer/Xcode/DerivedData/DumFlow-bahhtdjyrsbrxwbomcgsfowybmln/Build/Products/Debug-iphonesimulator/DumFlowShareExtension.appex/Info.plist

WriteAuxiliaryFile /Users/isaacherskowitz/Library/Developer/Xcode/DerivedData/DumFlow-bahhtdjyrsbrxwbomcgsfowybmln/Build/Intermediates.noindex/DumFlow.build/Debug-iphonesimulator/DumFlow.build/Objects-normal/arm64/DumFlow.SwiftFileList (in target 'DumFlow' from project 'DumFlow')
    cd /Users/isaacherskowitz/Swift/_DumFlow/DumFlow
    write-file /Users/isaacherskowitz/Library/Developer/Xcode/DerivedData/DumFlow-bahhtdjyrsbrxwbomcgsfowybmln/Build/Intermediates.noindex/DumFlow.build/Debug-iphonesimulator/DumFlow.build/Objects-normal/arm64/DumFlow.SwiftFileList

WriteAuxiliaryFile /Users/isaacherskowitz/Library/Developer/Xcode/DerivedData/DumFlow-bahhtdjyrsbrxwbomcgsfowybmln/Build/Intermediates.noindex/DumFlow.build/Debug-iphonesimulator/DumFlow.build/Objects-normal/x86_64/DumFlow.SwiftConstValuesFileList (in target 'DumFlow' from project 'DumFlow')
    cd /Users/isaacherskowitz/Swift/_DumFlow/DumFlow
    write-file /Users/isaacherskowitz/Library/Developer/Xcode/DerivedData/DumFlow-bahhtdjyrsbrxwbomcgsfowybmln/Build/Intermediates.noindex/DumFlow.build/Debug-iphonesimulator/DumFlow.build/Objects-normal/x86_64/DumFlow.SwiftConstValuesFileList

WriteAuxiliaryFile /Users/isaacherskowitz/Library/Developer/Xcode/DerivedData/DumFlow-bahhtdjyrsbrxwbomcgsfowybmln/Build/Intermediates.noindex/DumFlow.build/Debug-iphonesimulator/DumFlow.build/Objects-normal/x86_64/DumFlow.LinkFileList (in target 'DumFlow' from project 'DumFlow')
    cd /Users/isaacherskowitz/Swift/_DumFlow/DumFlow
    write-file /Users/isaacherskowitz/Library/Developer/Xcode/DerivedData/DumFlow-bahhtdjyrsbrxwbomcgsfowybmln/Build/Intermediates.noindex/DumFlow.build/Debug-iphonesimulator/DumFlow.build/Objects-normal/x86_64/DumFlow.LinkFileList

WriteAuxiliaryFile /Users/isaacherskowitz/Library/Developer/Xcode/DerivedData/DumFlow-bahhtdjyrsbrxwbomcgsfowybmln/Build/Intermediates.noindex/DumFlow.build/Debug-iphonesimulator/DumFlow.build/Objects-normal/x86_64/DumFlow.SwiftFileList (in target 'DumFlow' from project 'DumFlow')
    cd /Users/isaacherskowitz/Swift/_DumFlow/DumFlow
    write-file /Users/isaacherskowitz/Library/Developer/Xcode/DerivedData/DumFlow-bahhtdjyrsbrxwbomcgsfowybmln/Build/Intermediates.noindex/DumFlow.build/Debug-iphonesimulator/DumFlow.build/Objects-normal/x86_64/DumFlow.SwiftFileList

WriteAuxiliaryFile /Users/isaacherskowitz/Library/Developer/Xcode/DerivedData/DumFlow-bahhtdjyrsbrxwbomcgsfowybmln/Build/Intermediates.noindex/DumFlow.build/Debug-iphonesimulator/DumFlow.build/Objects-normal/arm64/DumFlow.SwiftConstValuesFileList (in target 'DumFlow' from project 'DumFlow')
    cd /Users/isaacherskowitz/Swift/_DumFlow/DumFlow
    write-file /Users/isaacherskowitz/Library/Developer/Xcode/DerivedData/DumFlow-bahhtdjyrsbrxwbomcgsfowybmln/Build/Intermediates.noindex/DumFlow.build/Debug-iphonesimulator/DumFlow.build/Objects-normal/arm64/DumFlow.SwiftConstValuesFileList

WriteAuxiliaryFile /Users/isaacherskowitz/Library/Developer/Xcode/DerivedData/DumFlow-bahhtdjyrsbrxwbomcgsfowybmln/Build/Intermediates.noindex/DumFlow.build/Debug-iphonesimulator/DumFlow.build/Objects-normal/arm64/DumFlow.LinkFileList (in target 'DumFlow' from project 'DumFlow')
    cd /Users/isaacherskowitz/Swift/_DumFlow/DumFlow
    write-file /Users/isaacherskowitz/Library/Developer/Xcode/DerivedData/DumFlow-bahhtdjyrsbrxwbomcgsfowybmln/Build/Intermediates.noindex/DumFlow.build/Debug-iphonesimulator/DumFlow.build/Objects-normal/arm64/DumFlow.LinkFileList

SwiftDriver DumFlowShareExtension normal x86_64 com.apple.xcode.tools.swift.compiler (in target 'DumFlowShareExtension' from project 'DumFlow')
    cd /Users/isaacherskowitz/Swift/_DumFlow/DumFlow
    builtin-SwiftDriver -- /Applications/Xcode.app/Contents/Developer/Toolchains/XcodeDefault.xctoolchain/usr/bin/swiftc -module-name DumFlowShareExtension -Onone -enforce-exclusivity\=checked @/Users/isaacherskowitz/Library/Developer/Xcode/DerivedData/DumFlow-bahhtdjyrsbrxwbomcgsfowybmln/Build/Intermediates.noindex/DumFlow.build/Debug-iphonesimulator/DumFlowShareExtension.build/Objects-normal/x86_64/DumFlowShareExtension.SwiftFileList -DDEBUG -enable-bare-slash-regex -enable-experimental-feature DebugDescriptionMacro -sdk /Applications/Xcode.app/Contents/Developer/Platforms/iPhoneSimulator.platform/Developer/SDKs/iPhoneSimulator18.5.sdk -target x86_64-apple-ios17.0-simulator -g -module-cache-path /Users/isaacherskowitz/Library/Developer/Xcode/DerivedData/ModuleCache.noindex -Xfrontend -serialize-debugging-options -application-extension -profile-coverage-mapping -profile-generate -enable-testing -index-store-path /Users/isaacherskowitz/Library/Developer/Xcode/DerivedData/DumFlow-bahhtdjyrsbrxwbomcgsfowybmln/Index.noindex/DataStore -swift-version 5 -I /Users/isaacherskowitz/Library/Developer/Xcode/DerivedData/DumFlow-bahhtdjyrsbrxwbomcgsfowybmln/Build/Products/Debug-iphonesimulator -F /Users/isaacherskowitz/Library/Developer/Xcode/DerivedData/DumFlow-bahhtdjyrsbrxwbomcgsfowybmln/Build/Products/Debug-iphonesimulator -parse-as-library -emit-localized-strings -emit-localized-strings-path /Users/isaacherskowitz/Library/Developer/Xcode/DerivedData/DumFlow-bahhtdjyrsbrxwbomcgsfowybmln/Build/Intermediates.noindex/DumFlow.build/Debug-iphonesimulator/DumFlowShareExtension.build/Objects-normal/x86_64 -c -j8 -enable-batch-mode -incremental -Xcc -ivfsstatcache -Xcc /Users/isaacherskowitz/Library/Developer/Xcode/DerivedData/SDKStatCaches.noindex/iphonesimulator18.5-22F76-d5fc8ad4295d2ef488fb7d0f804ce0c4.sdkstatcache -output-file-map /Users/isaacherskowitz/Library/Developer/Xcode/DerivedData/DumFlow-bahhtdjyrsbrxwbomcgsfowybmln/Build/Intermediates.noindex/DumFlow.build/Debug-iphonesimulator/DumFlowShareExtension.build/Objects-normal/x86_64/DumFlowShareExtension-OutputFileMap.json -use-frontend-parseable-output -save-temps -no-color-diagnostics -serialize-diagnostics -emit-dependencies -emit-module -emit-module-path /Users/isaacherskowitz/Library/Developer/Xcode/DerivedData/DumFlow-bahhtdjyrsbrxwbomcgsfowybmln/Build/Intermediates.noindex/DumFlow.build/Debug-iphonesimulator/DumFlowShareExtension.build/Objects-normal/x86_64/DumFlowShareExtension.swiftmodule -validate-clang-modules-once -clang-build-session-file /Users/isaacherskowitz/Library/Developer/Xcode/DerivedData/ModuleCache.noindex/Session.modulevalidation -Xcc -I/Users/isaacherskowitz/Library/Developer/Xcode/DerivedData/DumFlow-bahhtdjyrsbrxwbomcgsfowybmln/Build/Intermediates.noindex/DumFlow.build/Debug-iphonesimulator/DumFlowShareExtension.build/swift-overrides.hmap -emit-const-values -Xfrontend -const-gather-protocols-file -Xfrontend /Users/isaacherskowitz/Library/Developer/Xcode/DerivedData/DumFlow-bahhtdjyrsbrxwbomcgsfowybmln/Build/Intermediates.noindex/DumFlow.build/Debug-iphonesimulator/DumFlowShareExtension.build/Objects-normal/x86_64/DumFlowShareExtension_const_extract_protocols.json -Xcc -iquote -Xcc /Users/isaacherskowitz/Library/Developer/Xcode/DerivedData/DumFlow-bahhtdjyrsbrxwbomcgsfowybmln/Build/Intermediates.noindex/DumFlow.build/Debug-iphonesimulator/DumFlowShareExtension.build/DumFlowShareExtension-generated-files.hmap -Xcc -I/Users/isaacherskowitz/Library/Developer/Xcode/DerivedData/DumFlow-bahhtdjyrsbrxwbomcgsfowybmln/Build/Intermediates.noindex/DumFlow.build/Debug-iphonesimulator/DumFlowShareExtension.build/DumFlowShareExtension-own-target-headers.hmap -Xcc -I/Users/isaacherskowitz/Library/Developer/Xcode/DerivedData/DumFlow-bahhtdjyrsbrxwbomcgsfowybmln/Build/Intermediates.noindex/DumFlow.build/Debug-iphonesimulator/DumFlowShareExtension.build/DumFlowShareExtension-all-target-headers.hmap -Xcc -iquote -Xcc /Users/isaacherskowitz/Library/Developer/Xcode/DerivedData/DumFlow-bahhtdjyrsbrxwbomcgsfowybmln/Build/Intermediates.noindex/DumFlow.build/Debug-iphonesimulator/DumFlowShareExtension.build/DumFlowShareExtension-project-headers.hmap -Xcc -I/Users/isaacherskowitz/Library/Developer/Xcode/DerivedData/DumFlow-bahhtdjyrsbrxwbomcgsfowybmln/Build/Products/Debug-iphonesimulator/include -Xcc -I/Users/isaacherskowitz/Library/Developer/Xcode/DerivedData/DumFlow-bahhtdjyrsbrxwbomcgsfowybmln/Build/Intermediates.noindex/DumFlow.build/Debug-iphonesimulator/DumFlowShareExtension.build/DerivedSources-normal/x86_64 -Xcc -I/Users/isaacherskowitz/Library/Developer/Xcode/DerivedData/DumFlow-bahhtdjyrsbrxwbomcgsfowybmln/Build/Intermediates.noindex/DumFlow.build/Debug-iphonesimulator/DumFlowShareExtension.build/DerivedSources/x86_64 -Xcc -I/Users/isaacherskowitz/Library/Developer/Xcode/DerivedData/DumFlow-bahhtdjyrsbrxwbomcgsfowybmln/Build/Intermediates.noindex/DumFlow.build/Debug-iphonesimulator/DumFlowShareExtension.build/DerivedSources -Xcc -DDEBUG\=1 -emit-objc-header -emit-objc-header-path /Users/isaacherskowitz/Library/Developer/Xcode/DerivedData/DumFlow-bahhtdjyrsbrxwbomcgsfowybmln/Build/Intermediates.noindex/DumFlow.build/Debug-iphonesimulator/DumFlowShareExtension.build/Objects-normal/x86_64/DumFlowShareExtension-Swift.h -working-directory /Users/isaacherskowitz/Swift/_DumFlow/DumFlow -experimental-emit-module-separately -disable-cmo

ConstructStubExecutorLinkFileList /Users/isaacherskowitz/Library/Developer/Xcode/DerivedData/DumFlow-bahhtdjyrsbrxwbomcgsfowybmln/Build/Intermediates.noindex/DumFlow.build/Debug-iphonesimulator/DumFlowShareExtension.build/DumFlowShareExtension-ExecutorLinkFileList-normal-arm64.txt (in target 'DumFlowShareExtension' from project 'DumFlow')
    cd /Users/isaacherskowitz/Swift/_DumFlow/DumFlow
    construct-stub-executor-link-file-list /Users/isaacherskowitz/Library/Developer/Xcode/DerivedData/DumFlow-bahhtdjyrsbrxwbomcgsfowybmln/Build/Intermediates.noindex/DumFlow.build/Debug-iphonesimulator/DumFlowShareExtension.build/Objects-normal/arm64/Binary/DumFlowShareExtension.debug.dylib /Applications/Xcode.app/Contents/Developer/Platforms/iPhoneSimulator.platform/Developer/usr/lib/libPreviewsJITStubExecutor_no_swift_entry_point.a /Applications/Xcode.app/Contents/Developer/Platforms/iPhoneSimulator.platform/Developer/usr/lib/libPreviewsJITStubExecutor.a --output /Users/isaacherskowitz/Library/Developer/Xcode/DerivedData/DumFlow-bahhtdjyrsbrxwbomcgsfowybmln/Build/Intermediates.noindex/DumFlow.build/Debug-iphonesimulator/DumFlowShareExtension.build/DumFlowShareExtension-ExecutorLinkFileList-normal-arm64.txt
note: Using stub executor library without Swift entry point. (in target 'DumFlowShareExtension' from project 'DumFlow')

SwiftDriver DumFlow normal x86_64 com.apple.xcode.tools.swift.compiler (in target 'DumFlow' from project 'DumFlow')
    cd /Users/isaacherskowitz/Swift/_DumFlow/DumFlow
    builtin-SwiftDriver -- /Applications/Xcode.app/Contents/Developer/Toolchains/XcodeDefault.xctoolchain/usr/bin/swiftc -module-name DumFlow -Onone -enforce-exclusivity\=checked @/Users/isaacherskowitz/Library/Developer/Xcode/DerivedData/DumFlow-bahhtdjyrsbrxwbomcgsfowybmln/Build/Intermediates.noindex/DumFlow.build/Debug-iphonesimulator/DumFlow.build/Objects-normal/x86_64/DumFlow.SwiftFileList -DDEBUG -enable-bare-slash-regex -enable-experimental-feature DebugDescriptionMacro -sdk /Applications/Xcode.app/Contents/Developer/Platforms/iPhoneSimulator.platform/Developer/SDKs/iPhoneSimulator18.5.sdk -target x86_64-apple-ios26.0-simulator -g -module-cache-path /Users/isaacherskowitz/Library/Developer/Xcode/DerivedData/ModuleCache.noindex -Xfrontend -serialize-debugging-options -profile-coverage-mapping -profile-generate -enable-testing -index-store-path /Users/isaacherskowitz/Library/Developer/Xcode/DerivedData/DumFlow-bahhtdjyrsbrxwbomcgsfowybmln/Index.noindex/DataStore -swift-version 5 -I /Users/isaacherskowitz/Library/Developer/Xcode/DerivedData/DumFlow-bahhtdjyrsbrxwbomcgsfowybmln/Build/Products/Debug-iphonesimulator -F /Users/isaacherskowitz/Library/Developer/Xcode/DerivedData/DumFlow-bahhtdjyrsbrxwbomcgsfowybmln/Build/Products/Debug-iphonesimulator -emit-localized-strings -emit-localized-strings-path /Users/isaacherskowitz/Library/Developer/Xcode/DerivedData/DumFlow-bahhtdjyrsbrxwbomcgsfowybmln/Build/Intermediates.noindex/DumFlow.build/Debug-iphonesimulator/DumFlow.build/Objects-normal/x86_64 -c -j8 -enable-batch-mode -incremental -Xcc -ivfsstatcache -Xcc /Users/isaacherskowitz/Library/Developer/Xcode/DerivedData/SDKStatCaches.noindex/iphonesimulator18.5-22F76-d5fc8ad4295d2ef488fb7d0f804ce0c4.sdkstatcache -output-file-map /Users/isaacherskowitz/Library/Developer/Xcode/DerivedData/DumFlow-bahhtdjyrsbrxwbomcgsfowybmln/Build/Intermediates.noindex/DumFlow.build/Debug-iphonesimulator/DumFlow.build/Objects-normal/x86_64/DumFlow-OutputFileMap.json -use-frontend-parseable-output -save-temps -no-color-diagnostics -serialize-diagnostics -emit-dependencies -emit-module -emit-module-path /Users/isaacherskowitz/Library/Developer/Xcode/DerivedData/DumFlow-bahhtdjyrsbrxwbomcgsfowybmln/Build/Intermediates.noindex/DumFlow.build/Debug-iphonesimulator/DumFlow.build/Objects-normal/x86_64/DumFlow.swiftmodule -validate-clang-modules-once -clang-build-session-file /Users/isaacherskowitz/Library/Developer/Xcode/DerivedData/ModuleCache.noindex/Session.modulevalidation -Xcc -I/Users/isaacherskowitz/Library/Developer/Xcode/DerivedData/DumFlow-bahhtdjyrsbrxwbomcgsfowybmln/Build/Intermediates.noindex/DumFlow.build/Debug-iphonesimulator/DumFlow.build/swift-overrides.hmap -emit-const-values -Xfrontend -const-gather-protocols-file -Xfrontend /Users/isaacherskowitz/Library/Developer/Xcode/DerivedData/DumFlow-bahhtdjyrsbrxwbomcgsfowybmln/Build/Intermediates.noindex/DumFlow.build/Debug-iphonesimulator/DumFlow.build/Objects-normal/x86_64/DumFlow_const_extract_protocols.json -Xcc -iquote -Xcc /Users/isaacherskowitz/Library/Developer/Xcode/DerivedData/DumFlow-bahhtdjyrsbrxwbomcgsfowybmln/Build/Intermediates.noindex/DumFlow.build/Debug-iphonesimulator/DumFlow.build/DumFlow-generated-files.hmap -Xcc -I/Users/isaacherskowitz/Library/Developer/Xcode/DerivedData/DumFlow-bahhtdjyrsbrxwbomcgsfowybmln/Build/Intermediates.noindex/DumFlow.build/Debug-iphonesimulator/DumFlow.build/DumFlow-own-target-headers.hmap -Xcc -I/Users/isaacherskowitz/Library/Developer/Xcode/DerivedData/DumFlow-bahhtdjyrsbrxwbomcgsfowybmln/Build/Intermediates.noindex/DumFlow.build/Debug-iphonesimulator/DumFlow.build/DumFlow-all-target-headers.hmap -Xcc -iquote -Xcc /Users/isaacherskowitz/Library/Developer/Xcode/DerivedData/DumFlow-bahhtdjyrsbrxwbomcgsfowybmln/Build/Intermediates.noindex/DumFlow.build/Debug-iphonesimulator/DumFlow.build/DumFlow-project-headers.hmap -Xcc -I/Users/isaacherskowitz/Library/Developer/Xcode/DerivedData/DumFlow-bahhtdjyrsbrxwbomcgsfowybmln/Build/Products/Debug-iphonesimulator/include -Xcc -I/Users/isaacherskowitz/Library/Developer/Xcode/DerivedData/DumFlow-bahhtdjyrsbrxwbomcgsfowybmln/Build/Intermediates.noindex/DumFlow.build/Debug-iphonesimulator/DumFlow.build/DerivedSources-normal/x86_64 -Xcc -I/Users/isaacherskowitz/Library/Developer/Xcode/DerivedData/DumFlow-bahhtdjyrsbrxwbomcgsfowybmln/Build/Intermediates.noindex/DumFlow.build/Debug-iphonesimulator/DumFlow.build/DerivedSources/x86_64 -Xcc -I/Users/isaacherskowitz/Library/Developer/Xcode/DerivedData/DumFlow-bahhtdjyrsbrxwbomcgsfowybmln/Build/Intermediates.noindex/DumFlow.build/Debug-iphonesimulator/DumFlow.build/DerivedSources -Xcc -DDEBUG\=1 -emit-objc-header -emit-objc-header-path /Users/isaacherskowitz/Library/Developer/Xcode/DerivedData/DumFlow-bahhtdjyrsbrxwbomcgsfowybmln/Build/Intermediates.noindex/DumFlow.build/Debug-iphonesimulator/DumFlow.build/Objects-normal/x86_64/DumFlow-Swift.h -working-directory /Users/isaacherskowitz/Swift/_DumFlow/DumFlow -experimental-emit-module-separately -disable-cmo

CompileAssetCatalogVariant thinned /Users/isaacherskowitz/Library/Developer/Xcode/DerivedData/DumFlow-bahhtdjyrsbrxwbomcgsfowybmln/Build/Products/Debug-iphonesimulator/DumFlow.app /Users/isaacherskowitz/Swift/_DumFlow/DumFlow/DumFlow/Assets.xcassets (in target 'DumFlow' from project 'DumFlow')
    cd /Users/isaacherskowitz/Swift/_DumFlow/DumFlow
    /Applications/Xcode.app/Contents/Developer/usr/bin/actool /Users/isaacherskowitz/Swift/_DumFlow/DumFlow/DumFlow/Assets.xcassets --compile /Users/isaacherskowitz/Library/Developer/Xcode/DerivedData/DumFlow-bahhtdjyrsbrxwbomcgsfowybmln/Build/Intermediates.noindex/DumFlow.build/Debug-iphonesimulator/DumFlow.build/assetcatalog_output/thinned --output-format human-readable-text --notices --warnings --export-dependency-info /Users/isaacherskowitz/Library/Developer/Xcode/DerivedData/DumFlow-bahhtdjyrsbrxwbomcgsfowybmln/Build/Intermediates.noindex/DumFlow.build/Debug-iphonesimulator/DumFlow.build/assetcatalog_dependencies_thinned --output-partial-info-plist /Users/isaacherskowitz/Library/Developer/Xcode/DerivedData/DumFlow-bahhtdjyrsbrxwbomcgsfowybmln/Build/Intermediates.noindex/DumFlow.build/Debug-iphonesimulator/DumFlow.build/assetcatalog_generated_info.plist_thinned --app-icon AppIcon --accent-color AccentColor --compress-pngs --enable-on-demand-resources YES --development-region en --target-device iphone --minimum-deployment-target 26.0 --platform iphonesimulator

SwiftDriver DumFlow normal arm64 com.apple.xcode.tools.swift.compiler (in target 'DumFlow' from project 'DumFlow')
    cd /Users/isaacherskowitz/Swift/_DumFlow/DumFlow
    builtin-SwiftDriver -- /Applications/Xcode.app/Contents/Developer/Toolchains/XcodeDefault.xctoolchain/usr/bin/swiftc -module-name DumFlow -Onone -enforce-exclusivity\=checked @/Users/isaacherskowitz/Library/Developer/Xcode/DerivedData/DumFlow-bahhtdjyrsbrxwbomcgsfowybmln/Build/Intermediates.noindex/DumFlow.build/Debug-iphonesimulator/DumFlow.build/Objects-normal/arm64/DumFlow.SwiftFileList -DDEBUG -enable-bare-slash-regex -enable-experimental-feature DebugDescriptionMacro -sdk /Applications/Xcode.app/Contents/Developer/Platforms/iPhoneSimulator.platform/Developer/SDKs/iPhoneSimulator18.5.sdk -target arm64-apple-ios26.0-simulator -g -module-cache-path /Users/isaacherskowitz/Library/Developer/Xcode/DerivedData/ModuleCache.noindex -Xfrontend -serialize-debugging-options -profile-coverage-mapping -profile-generate -enable-testing -index-store-path /Users/isaacherskowitz/Library/Developer/Xcode/DerivedData/DumFlow-bahhtdjyrsbrxwbomcgsfowybmln/Index.noindex/DataStore -swift-version 5 -I /Users/isaacherskowitz/Library/Developer/Xcode/DerivedData/DumFlow-bahhtdjyrsbrxwbomcgsfowybmln/Build/Products/Debug-iphonesimulator -F /Users/isaacherskowitz/Library/Developer/Xcode/DerivedData/DumFlow-bahhtdjyrsbrxwbomcgsfowybmln/Build/Products/Debug-iphonesimulator -emit-localized-strings -emit-localized-strings-path /Users/isaacherskowitz/Library/Developer/Xcode/DerivedData/DumFlow-bahhtdjyrsbrxwbomcgsfowybmln/Build/Intermediates.noindex/DumFlow.build/Debug-iphonesimulator/DumFlow.build/Objects-normal/arm64 -c -j8 -enable-batch-mode -incremental -Xcc -ivfsstatcache -Xcc /Users/isaacherskowitz/Library/Developer/Xcode/DerivedData/SDKStatCaches.noindex/iphonesimulator18.5-22F76-d5fc8ad4295d2ef488fb7d0f804ce0c4.sdkstatcache -output-file-map /Users/isaacherskowitz/Library/Developer/Xcode/DerivedData/DumFlow-bahhtdjyrsbrxwbomcgsfowybmln/Build/Intermediates.noindex/DumFlow.build/Debug-iphonesimulator/DumFlow.build/Objects-normal/arm64/DumFlow-OutputFileMap.json -use-frontend-parseable-output -save-temps -no-color-diagnostics -serialize-diagnostics -emit-dependencies -emit-module -emit-module-path /Users/isaacherskowitz/Library/Developer/Xcode/DerivedData/DumFlow-bahhtdjyrsbrxwbomcgsfowybmln/Build/Intermediates.noindex/DumFlow.build/Debug-iphonesimulator/DumFlow.build/Objects-normal/arm64/DumFlow.swiftmodule -validate-clang-modules-once -clang-build-session-file /Users/isaacherskowitz/Library/Developer/Xcode/DerivedData/ModuleCache.noindex/Session.modulevalidation -Xcc -I/Users/isaacherskowitz/Library/Developer/Xcode/DerivedData/DumFlow-bahhtdjyrsbrxwbomcgsfowybmln/Build/Intermediates.noindex/DumFlow.build/Debug-iphonesimulator/DumFlow.build/swift-overrides.hmap -emit-const-values -Xfrontend -const-gather-protocols-file -Xfrontend /Users/isaacherskowitz/Library/Developer/Xcode/DerivedData/DumFlow-bahhtdjyrsbrxwbomcgsfowybmln/Build/Intermediates.noindex/DumFlow.build/Debug-iphonesimulator/DumFlow.build/Objects-normal/arm64/DumFlow_const_extract_protocols.json -Xcc -iquote -Xcc /Users/isaacherskowitz/Library/Developer/Xcode/DerivedData/DumFlow-bahhtdjyrsbrxwbomcgsfowybmln/Build/Intermediates.noindex/DumFlow.build/Debug-iphonesimulator/DumFlow.build/DumFlow-generated-files.hmap -Xcc -I/Users/isaacherskowitz/Library/Developer/Xcode/DerivedData/DumFlow-bahhtdjyrsbrxwbomcgsfowybmln/Build/Intermediates.noindex/DumFlow.build/Debug-iphonesimulator/DumFlow.build/DumFlow-own-target-headers.hmap -Xcc -I/Users/isaacherskowitz/Library/Developer/Xcode/DerivedData/DumFlow-bahhtdjyrsbrxwbomcgsfowybmln/Build/Intermediates.noindex/DumFlow.build/Debug-iphonesimulator/DumFlow.build/DumFlow-all-target-headers.hmap -Xcc -iquote -Xcc /Users/isaacherskowitz/Library/Developer/Xcode/DerivedData/DumFlow-bahhtdjyrsbrxwbomcgsfowybmln/Build/Intermediates.noindex/DumFlow.build/Debug-iphonesimulator/DumFlow.build/DumFlow-project-headers.hmap -Xcc -I/Users/isaacherskowitz/Library/Developer/Xcode/DerivedData/DumFlow-bahhtdjyrsbrxwbomcgsfowybmln/Build/Products/Debug-iphonesimulator/include -Xcc -I/Users/isaacherskowitz/Library/Developer/Xcode/DerivedData/DumFlow-bahhtdjyrsbrxwbomcgsfowybmln/Build/Intermediates.noindex/DumFlow.build/Debug-iphonesimulator/DumFlow.build/DerivedSources-normal/arm64 -Xcc -I/Users/isaacherskowitz/Library/Developer/Xcode/DerivedData/DumFlow-bahhtdjyrsbrxwbomcgsfowybmln/Build/Intermediates.noindex/DumFlow.build/Debug-iphonesimulator/DumFlow.build/DerivedSources/arm64 -Xcc -I/Users/isaacherskowitz/Library/Developer/Xcode/DerivedData/DumFlow-bahhtdjyrsbrxwbomcgsfowybmln/Build/Intermediates.noindex/DumFlow.build/Debug-iphonesimulator/DumFlow.build/DerivedSources -Xcc -DDEBUG\=1 -emit-objc-header -emit-objc-header-path /Users/isaacherskowitz/Library/Developer/Xcode/DerivedData/DumFlow-bahhtdjyrsbrxwbomcgsfowybmln/Build/Intermediates.noindex/DumFlow.build/Debug-iphonesimulator/DumFlow.build/Objects-normal/arm64/DumFlow-Swift.h -working-directory /Users/isaacherskowitz/Swift/_DumFlow/DumFlow -experimental-emit-module-separately -disable-cmo

Ld /Users/isaacherskowitz/Library/Developer/Xcode/DerivedData/DumFlow-bahhtdjyrsbrxwbomcgsfowybmln/Build/Intermediates.noindex/DumFlow.build/Debug-iphonesimulator/DumFlowShareExtension.build/Objects-normal/arm64/Binary/DumFlowShareExtension normal arm64 (in target 'DumFlowShareExtension' from project 'DumFlow')
    cd /Users/isaacherskowitz/Swift/_DumFlow/DumFlow
    /Applications/Xcode.app/Contents/Developer/Toolchains/XcodeDefault.xctoolchain/usr/bin/clang -Xlinker -reproducible -target arm64-apple-ios17.0-simulator -isysroot /Applications/Xcode.app/Contents/Developer/Platforms/iPhoneSimulator.platform/Developer/SDKs/iPhoneSimulator18.5.sdk -O0 -L/Users/isaacherskowitz/Library/Developer/Xcode/DerivedData/DumFlow-bahhtdjyrsbrxwbomcgsfowybmln/Build/Products/Debug-iphonesimulator -F/Users/isaacherskowitz/Library/Developer/Xcode/DerivedData/DumFlow-bahhtdjyrsbrxwbomcgsfowybmln/Build/Products/Debug-iphonesimulator -Xlinker -rpath -Xlinker @executable_path -Xlinker -rpath -Xlinker @executable_path/Frameworks -Xlinker -rpath -Xlinker @executable_path/../../Frameworks -rdynamic -Xlinker -no_deduplicate -Xlinker -objc_abi_version -Xlinker 2 -Xlinker -debug_variant -e ___debug_blank_executor_main -Xlinker -sectcreate -Xlinker __TEXT -Xlinker __debug_dylib -Xlinker /Users/isaacherskowitz/Library/Developer/Xcode/DerivedData/DumFlow-bahhtdjyrsbrxwbomcgsfowybmln/Build/Intermediates.noindex/DumFlow.build/Debug-iphonesimulator/DumFlowShareExtension.build/DumFlowShareExtension-DebugDylibPath-normal-arm64.txt -Xlinker -sectcreate -Xlinker __TEXT -Xlinker __debug_entry -Xlinker /Users/isaacherskowitz/Library/Developer/Xcode/DerivedData/DumFlow-bahhtdjyrsbrxwbomcgsfowybmln/Build/Intermediates.noindex/DumFlow.build/Debug-iphonesimulator/DumFlowShareExtension.build/DumFlowShareExtension-DebugEntryPoint-normal-arm64.txt -Xlinker -sectcreate -Xlinker __TEXT -Xlinker __debug_instlnm -Xlinker /Users/isaacherskowitz/Library/Developer/Xcode/DerivedData/DumFlow-bahhtdjyrsbrxwbomcgsfowybmln/Build/Intermediates.noindex/DumFlow.build/Debug-iphonesimulator/DumFlowShareExtension.build/DumFlowShareExtension-DebugDylibInstallName-normal-arm64.txt -Xlinker -filelist -Xlinker /Users/isaacherskowitz/Library/Developer/Xcode/DerivedData/DumFlow-bahhtdjyrsbrxwbomcgsfowybmln/Build/Intermediates.noindex/DumFlow.build/Debug-iphonesimulator/DumFlowShareExtension.build/DumFlowShareExtension-ExecutorLinkFileList-normal-arm64.txt -Xlinker -sectcreate -Xlinker __TEXT -Xlinker __entitlements -Xlinker /Users/isaacherskowitz/Library/Developer/Xcode/DerivedData/DumFlow-bahhtdjyrsbrxwbomcgsfowybmln/Build/Intermediates.noindex/DumFlow.build/Debug-iphonesimulator/DumFlowShareExtension.build/DumFlowShareExtension.appex-Simulated.xcent -Xlinker -sectcreate -Xlinker __TEXT -Xlinker __ents_der -Xlinker /Users/isaacherskowitz/Library/Developer/Xcode/DerivedData/DumFlow-bahhtdjyrsbrxwbomcgsfowybmln/Build/Intermediates.noindex/DumFlow.build/Debug-iphonesimulator/DumFlowShareExtension.build/DumFlowShareExtension.appex-Simulated.xcent.der /Users/isaacherskowitz/Library/Developer/Xcode/DerivedData/DumFlow-bahhtdjyrsbrxwbomcgsfowybmln/Build/Intermediates.noindex/DumFlow.build/Debug-iphonesimulator/DumFlowShareExtension.build/Objects-normal/arm64/Binary/DumFlowShareExtension.debug.dylib -Xlinker -no_adhoc_codesign -o /Users/isaacherskowitz/Library/Developer/Xcode/DerivedData/DumFlow-bahhtdjyrsbrxwbomcgsfowybmln/Build/Intermediates.noindex/DumFlow.build/Debug-iphonesimulator/DumFlowShareExtension.build/Objects-normal/arm64/Binary/DumFlowShareExtension

SwiftEmitModule normal x86_64 Emitting\ module\ for\ DumFlowShareExtension (in target 'DumFlowShareExtension' from project 'DumFlow')

SwiftCompile normal x86_64 /Users/isaacherskowitz/Swift/_DumFlow/DumFlow/DumFlowShareExtension/ActionViewController.swift (in target 'DumFlowShareExtension' from project 'DumFlow')
    cd /Users/isaacherskowitz/Swift/_DumFlow/DumFlow
    

SwiftCompile normal x86_64 Compiling\ ActionViewController.swift /Users/isaacherskowitz/Swift/_DumFlow/DumFlow/DumFlowShareExtension/ActionViewController.swift (in target 'DumFlowShareExtension' from project 'DumFlow')

SwiftCompile normal x86_64 /Users/isaacherskowitz/Swift/_DumFlow/DumFlow/DumFlowShareExtension/ActionViewController.swift (in target 'DumFlowShareExtension' from project 'DumFlow')
    cd /Users/isaacherskowitz/Swift/_DumFlow/DumFlow
    

SwiftCompile normal x86_64 Compiling\ NativeAdView.swift,\ MockButtonSheet.swift,\ WebPageCardListView.swift,\ FavoritesView.swift,\ ViewUserCommentsView\ 2.swift,\ ContentViewMenuView.swift,\ UserCommentsView.swift,\ TrendingWebView.swift,\ WebPageCardView.swift,\ SavedWebPagesView.swift,\ ReportContentView.swift,\ NoCommentsView.swift /Users/isaacherskowitz/Swift/_DumFlow/DumFlow/DumFlow/Views/AdViews/NativeAdView.swift /Users/isaacherskowitz/Swift/_DumFlow/DumFlow/DumFlow/Views/MockButtonSheet.swift /Users/isaacherskowitz/Swift/_DumFlow/DumFlow/DumFlow/Views/WebPageCardListView.swift /Users/isaacherskowitz/Swift/_DumFlow/DumFlow/DumFlow/Views/FavoritesView.swift /Users/isaacherskowitz/Swift/_DumFlow/DumFlow/DumFlow/Views/ViewUserCommentsView\ 2.swift /Users/isaacherskowitz/Swift/_DumFlow/DumFlow/DumFlow/Views/ContentViewMenuView.swift /Users/isaacherskowitz/Swift/_DumFlow/DumFlow/DumFlow/Views/UserCommentsView.swift /Users/isaacherskowitz/Swift/_DumFlow/DumFlow/DumFlow/Views/TrendingWebView.swift /Users/isaacherskowitz/Swift/_DumFlow/DumFlow/DumFlow/Views/RowView/WebPageCardView.swift /Users/isaacherskowitz/Swift/_DumFlow/DumFlow/DumFlow/Views/SavedWebPagesView.swift /Users/isaacherskowitz/Swift/_DumFlow/DumFlow/DumFlow/Views/ReportContentView.swift /Users/isaacherskowitz/Swift/_DumFlow/DumFlow/DumFlow/Views/NoCommentsView.swift (in target 'DumFlow' from project 'DumFlow')
SwiftCompile normal x86_64 /Users/isaacherskowitz/Swift/_DumFlow/DumFlow/DumFlow/Views/AdViews/NativeAdView.swift (in target 'DumFlow' from project 'DumFlow')
    cd /Users/isaacherskowitz/Swift/_DumFlow/DumFlow
    

SwiftCompile normal x86_64 /Users/isaacherskowitz/Swift/_DumFlow/DumFlow/DumFlow/Views/MockButtonSheet.swift (in target 'DumFlow' from project 'DumFlow')
    cd /Users/isaacherskowitz/Swift/_DumFlow/DumFlow
    

SwiftCompile normal x86_64 /Users/isaacherskowitz/Swift/_DumFlow/DumFlow/DumFlow/Views/WebPageCardListView.swift (in target 'DumFlow' from project 'DumFlow')
    cd /Users/isaacherskowitz/Swift/_DumFlow/DumFlow
    

SwiftCompile normal x86_64 /Users/isaacherskowitz/Swift/_DumFlow/DumFlow/DumFlow/Views/FavoritesView.swift (in target 'DumFlow' from project 'DumFlow')
    cd /Users/isaacherskowitz/Swift/_DumFlow/DumFlow
    

SwiftCompile normal x86_64 /Users/isaacherskowitz/Swift/_DumFlow/DumFlow/DumFlow/Views/ViewUserCommentsView\ 2.swift (in target 'DumFlow' from project 'DumFlow')
    cd /Users/isaacherskowitz/Swift/_DumFlow/DumFlow
    

SwiftCompile normal x86_64 /Users/isaacherskowitz/Swift/_DumFlow/DumFlow/DumFlow/Views/ContentViewMenuView.swift (in target 'DumFlow' from project 'DumFlow')
    cd /Users/isaacherskowitz/Swift/_DumFlow/DumFlow
    

SwiftCompile normal x86_64 /Users/isaacherskowitz/Swift/_DumFlow/DumFlow/DumFlow/Views/UserCommentsView.swift (in target 'DumFlow' from project 'DumFlow')
    cd /Users/isaacherskowitz/Swift/_DumFlow/DumFlow
    

SwiftCompile normal x86_64 /Users/isaacherskowitz/Swift/_DumFlow/DumFlow/DumFlow/Views/TrendingWebView.swift (in target 'DumFlow' from project 'DumFlow')
    cd /Users/isaacherskowitz/Swift/_DumFlow/DumFlow
    

SwiftCompile normal x86_64 /Users/isaacherskowitz/Swift/_DumFlow/DumFlow/DumFlow/Views/RowView/WebPageCardView.swift (in target 'DumFlow' from project 'DumFlow')
    cd /Users/isaacherskowitz/Swift/_DumFlow/DumFlow
    

SwiftCompile normal x86_64 /Users/isaacherskowitz/Swift/_DumFlow/DumFlow/DumFlow/Views/SavedWebPagesView.swift (in target 'DumFlow' from project 'DumFlow')
    cd /Users/isaacherskowitz/Swift/_DumFlow/DumFlow
    

SwiftCompile normal x86_64 /Users/isaacherskowitz/Swift/_DumFlow/DumFlow/DumFlow/Views/ReportContentView.swift (in target 'DumFlow' from project 'DumFlow')
    cd /Users/isaacherskowitz/Swift/_DumFlow/DumFlow
    

SwiftCompile normal x86_64 /Users/isaacherskowitz/Swift/_DumFlow/DumFlow/DumFlow/Views/NoCommentsView.swift (in target 'DumFlow' from project 'DumFlow')
    cd /Users/isaacherskowitz/Swift/_DumFlow/DumFlow
    

SwiftCompile normal x86_64 Compiling\ FeatureFlags.swift,\ URLCache.swift,\ WikipediaService.swift,\ FollowService.swift,\ DumFlowApp.swift,\ WebPageService.swift,\ ReaderModeSettingsView.swift,\ WebPageViewModel+HTML.swift,\ CommpressedParentCommentRowView.swift,\ WebKitLoadingView.swift,\ SignInView.swift /Users/isaacherskowitz/Swift/_DumFlow/DumFlow/DumFlow/Core/Utilities/FeatureFlags.swift /Users/isaacherskowitz/Swift/_DumFlow/DumFlow/DumFlow/Core/Storage/URLCache.swift /Users/isaacherskowitz/Swift/_DumFlow/DumFlow/DumFlow/Services/WikipediaService.swift /Users/isaacherskowitz/Swift/_DumFlow/DumFlow/DumFlow/Services/FollowService.swift /Users/isaacherskowitz/Swift/_DumFlow/DumFlow/DumFlow/App/DumFlowApp.swift /Users/isaacherskowitz/Swift/_DumFlow/DumFlow/DumFlow/Services/WebPageService.swift /Users/isaacherskowitz/Swift/_DumFlow/DumFlow/DumFlow/Features/Browser/Views/ReaderModeSettingsView.swift /Users/isaacherskowitz/Swift/_DumFlow/DumFlow/DumFlow/Features/WebPages/ViewModels/WebPageViewModel+HTML.swift /Users/isaacherskowitz/Swift/_DumFlow/DumFlow/DumFlow/Features/Comments/Views/CommpressedParentCommentRowView.swift /Users/isaacherskowitz/Swift/_DumFlow/DumFlow/DumFlow/Features/Browser/Views/WebKitLoadingView.swift /Users/isaacherskowitz/Swift/_DumFlow/DumFlow/DumFlow/Features/Authentication/Views/SignInView.swift (in target 'DumFlow' from project 'DumFlow')
SwiftCompile normal x86_64 /Users/isaacherskowitz/Swift/_DumFlow/DumFlow/DumFlow/Core/Utilities/FeatureFlags.swift (in target 'DumFlow' from project 'DumFlow')
    cd /Users/isaacherskowitz/Swift/_DumFlow/DumFlow
    

SwiftCompile normal x86_64 /Users/isaacherskowitz/Swift/_DumFlow/DumFlow/DumFlow/Core/Storage/URLCache.swift (in target 'DumFlow' from project 'DumFlow')
    cd /Users/isaacherskowitz/Swift/_DumFlow/DumFlow
    

SwiftCompile normal x86_64 /Users/isaacherskowitz/Swift/_DumFlow/DumFlow/DumFlow/Services/WikipediaService.swift (in target 'DumFlow' from project 'DumFlow')
    cd /Users/isaacherskowitz/Swift/_DumFlow/DumFlow
    

SwiftCompile normal x86_64 /Users/isaacherskowitz/Swift/_DumFlow/DumFlow/DumFlow/Services/FollowService.swift (in target 'DumFlow' from project 'DumFlow')
    cd /Users/isaacherskowitz/Swift/_DumFlow/DumFlow
    

SwiftCompile normal x86_64 /Users/isaacherskowitz/Swift/_DumFlow/DumFlow/DumFlow/App/DumFlowApp.swift (in target 'DumFlow' from project 'DumFlow')
    cd /Users/isaacherskowitz/Swift/_DumFlow/DumFlow
    

SwiftCompile normal x86_64 /Users/isaacherskowitz/Swift/_DumFlow/DumFlow/DumFlow/Services/WebPageService.swift (in target 'DumFlow' from project 'DumFlow')
    cd /Users/isaacherskowitz/Swift/_DumFlow/DumFlow
    

SwiftCompile normal x86_64 /Users/isaacherskowitz/Swift/_DumFlow/DumFlow/DumFlow/Features/Browser/Views/ReaderModeSettingsView.swift (in target 'DumFlow' from project 'DumFlow')
    cd /Users/isaacherskowitz/Swift/_DumFlow/DumFlow
    

SwiftCompile normal x86_64 /Users/isaacherskowitz/Swift/_DumFlow/DumFlow/DumFlow/Features/WebPages/ViewModels/WebPageViewModel+HTML.swift (in target 'DumFlow' from project 'DumFlow')
    cd /Users/isaacherskowitz/Swift/_DumFlow/DumFlow
    

SwiftCompile normal x86_64 /Users/isaacherskowitz/Swift/_DumFlow/DumFlow/DumFlow/Features/Comments/Views/CommpressedParentCommentRowView.swift (in target 'DumFlow' from project 'DumFlow')
    cd /Users/isaacherskowitz/Swift/_DumFlow/DumFlow
    

SwiftCompile normal x86_64 /Users/isaacherskowitz/Swift/_DumFlow/DumFlow/DumFlow/Features/Browser/Views/WebKitLoadingView.swift (in target 'DumFlow' from project 'DumFlow')
    cd /Users/isaacherskowitz/Swift/_DumFlow/DumFlow
    

SwiftCompile normal x86_64 /Users/isaacherskowitz/Swift/_DumFlow/DumFlow/DumFlow/Features/Authentication/Views/SignInView.swift (in target 'DumFlow' from project 'DumFlow')
    cd /Users/isaacherskowitz/Swift/_DumFlow/DumFlow
    

SwiftEmitModule normal x86_64 Emitting\ module\ for\ DumFlow (in target 'DumFlow' from project 'DumFlow')

EmitSwiftModule normal x86_64 (in target 'DumFlow' from project 'DumFlow')
    cd /Users/isaacherskowitz/Swift/_DumFlow/DumFlow
    

SwiftCompile normal x86_64 Compiling\ webPageThumbnail.swift,\ LoadingIndicatorView.swift,\ ViewUserView.swift,\ ErrorView.swift,\ SwiftUIView.swift,\ UIImage+Extensions.swift,\ Data+Extensions.swift,\ DumFlowError.swift,\ MediaFetcher.swift,\ String+Extensions.swift,\ Color+Extensions.swift /Users/isaacherskowitz/Swift/_DumFlow/DumFlow/DumFlow/Views/webPageThumbnail.swift /Users/isaacherskowitz/Swift/_DumFlow/DumFlow/DumFlow/Views/LoadingIndicatorView.swift /Users/isaacherskowitz/Swift/_DumFlow/DumFlow/DumFlow/Views/ViewUserView.swift /Users/isaacherskowitz/Swift/_DumFlow/DumFlow/DumFlow/Core/Errors/ErrorView.swift /Users/isaacherskowitz/Swift/_DumFlow/DumFlow/DumFlow/Core/Utilities/SwiftUIView.swift /Users/isaacherskowitz/Swift/_DumFlow/DumFlow/DumFlow/Core/Extensions/UIImage+Extensions.swift /Users/isaacherskowitz/Swift/_DumFlow/DumFlow/DumFlow/Core/Extensions/Data+Extensions.swift /Users/isaacherskowitz/Swift/_DumFlow/DumFlow/DumFlow/Core/Errors/DumFlowError.swift /Users/isaacherskowitz/Swift/_DumFlow/DumFlow/DumFlow/Core/Utilities/MediaFetcher.swift /Users/isaacherskowitz/Swift/_DumFlow/DumFlow/DumFlow/Core/Extensions/String+Extensions.swift /Users/isaacherskowitz/Swift/_DumFlow/DumFlow/DumFlow/Core/Extensions/Color+Extensions.swift (in target 'DumFlow' from project 'DumFlow')

SwiftCompile normal x86_64 /Users/isaacherskowitz/Swift/_DumFlow/DumFlow/DumFlow/Views/webPageThumbnail.swift (in target 'DumFlow' from project 'DumFlow')
    cd /Users/isaacherskowitz/Swift/_DumFlow/DumFlow
    

SwiftCompile normal x86_64 /Users/isaacherskowitz/Swift/_DumFlow/DumFlow/DumFlow/Views/LoadingIndicatorView.swift (in target 'DumFlow' from project 'DumFlow')
    cd /Users/isaacherskowitz/Swift/_DumFlow/DumFlow
    

SwiftCompile normal x86_64 /Users/isaacherskowitz/Swift/_DumFlow/DumFlow/DumFlow/Views/ViewUserView.swift (in target 'DumFlow' from project 'DumFlow')
    cd /Users/isaacherskowitz/Swift/_DumFlow/DumFlow
    

SwiftCompile normal x86_64 /Users/isaacherskowitz/Swift/_DumFlow/DumFlow/DumFlow/Core/Errors/ErrorView.swift (in target 'DumFlow' from project 'DumFlow')
    cd /Users/isaacherskowitz/Swift/_DumFlow/DumFlow
    

SwiftCompile normal x86_64 /Users/isaacherskowitz/Swift/_DumFlow/DumFlow/DumFlow/Core/Utilities/SwiftUIView.swift (in target 'DumFlow' from project 'DumFlow')
    cd /Users/isaacherskowitz/Swift/_DumFlow/DumFlow
    

SwiftCompile normal x86_64 /Users/isaacherskowitz/Swift/_DumFlow/DumFlow/DumFlow/Core/Extensions/UIImage+Extensions.swift (in target 'DumFlow' from project 'DumFlow')
    cd /Users/isaacherskowitz/Swift/_DumFlow/DumFlow
    

SwiftCompile normal x86_64 /Users/isaacherskowitz/Swift/_DumFlow/DumFlow/DumFlow/Core/Extensions/Data+Extensions.swift (in target 'DumFlow' from project 'DumFlow')
    cd /Users/isaacherskowitz/Swift/_DumFlow/DumFlow
    

SwiftCompile normal x86_64 /Users/isaacherskowitz/Swift/_DumFlow/DumFlow/DumFlow/Core/Errors/DumFlowError.swift (in target 'DumFlow' from project 'DumFlow')
    cd /Users/isaacherskowitz/Swift/_DumFlow/DumFlow
    

SwiftCompile normal x86_64 /Users/isaacherskowitz/Swift/_DumFlow/DumFlow/DumFlow/Core/Utilities/MediaFetcher.swift (in target 'DumFlow' from project 'DumFlow')
    cd /Users/isaacherskowitz/Swift/_DumFlow/DumFlow
    

SwiftCompile normal x86_64 /Users/isaacherskowitz/Swift/_DumFlow/DumFlow/DumFlow/Core/Extensions/String+Extensions.swift (in target 'DumFlow' from project 'DumFlow')
    cd /Users/isaacherskowitz/Swift/_DumFlow/DumFlow
    

SwiftCompile normal x86_64 /Users/isaacherskowitz/Swift/_DumFlow/DumFlow/DumFlow/Core/Extensions/Color+Extensions.swift (in target 'DumFlow' from project 'DumFlow')
    cd /Users/isaacherskowitz/Swift/_DumFlow/DumFlow
    

SwiftCompile normal x86_64 Compiling\ CK_BrowserTab.swift,\ CK_WebPage.swift,\ CommentLike.swift,\ BrowserTabService.swift,\ AWSWebPageItem.swift,\ HistoryView.swift,\ WebPageViewModel+Comments.swift,\ DynamoDBWebPageService.swift,\ CommentView.swift,\ ToolbarTestView.swift,\ CompactWePageRowView.swift /Users/isaacherskowitz/Swift/_DumFlow/DumFlow/DumFlow/Features/Browser/Models/CK_BrowserTab.swift /Users/isaacherskowitz/Swift/_DumFlow/DumFlow/DumFlow/Features/WebPages/Models/CK_WebPage.swift /Users/isaacherskowitz/Swift/_DumFlow/DumFlow/DumFlow/Features/Comments/Models/CommentLike.swift /Users/isaacherskowitz/Swift/_DumFlow/DumFlow/DumFlow/Features/Browser/Services/BrowserTabService.swift /Users/isaacherskowitz/Swift/_DumFlow/DumFlow/DumFlow/Features/BrowseForward/Models/AWSWebPageItem.swift /Users/isaacherskowitz/Swift/_DumFlow/DumFlow/DumFlow/Features/Browser/Views/HistoryView.swift /Users/isaacherskowitz/Swift/_DumFlow/DumFlow/DumFlow/Features/WebPages/ViewModels/WebPageViewModel+Comments.swift /Users/isaacherskowitz/Swift/_DumFlow/DumFlow/DumFlow/Features/BrowseForward/Services/DynamoDBWebPageService.swift /Users/isaacherskowitz/Swift/_DumFlow/DumFlow/DumFlow/Features/Comments/Views/CommentView.swift /Users/isaacherskowitz/Swift/_DumFlow/DumFlow/DumFlow/Features/Browser/Views/ToolbarTestView.swift /Users/isaacherskowitz/Swift/_DumFlow/DumFlow/DumFlow/Features/WebPages/Views/CompactWePageRowView.swift (in target 'DumFlow' from project 'DumFlow')

SwiftCompile normal x86_64 /Users/isaacherskowitz/Swift/_DumFlow/DumFlow/DumFlow/Features/Browser/Models/CK_BrowserTab.swift (in target 'DumFlow' from project 'DumFlow')
    cd /Users/isaacherskowitz/Swift/_DumFlow/DumFlow
    

SwiftCompile normal x86_64 /Users/isaacherskowitz/Swift/_DumFlow/DumFlow/DumFlow/Features/WebPages/Models/CK_WebPage.swift (in target 'DumFlow' from project 'DumFlow')
    cd /Users/isaacherskowitz/Swift/_DumFlow/DumFlow
    

SwiftCompile normal x86_64 /Users/isaacherskowitz/Swift/_DumFlow/DumFlow/DumFlow/Features/Comments/Models/CommentLike.swift (in target 'DumFlow' from project 'DumFlow')
    cd /Users/isaacherskowitz/Swift/_DumFlow/DumFlow
    

SwiftCompile normal x86_64 /Users/isaacherskowitz/Swift/_DumFlow/DumFlow/DumFlow/Features/Browser/Services/BrowserTabService.swift (in target 'DumFlow' from project 'DumFlow')
    cd /Users/isaacherskowitz/Swift/_DumFlow/DumFlow
    

SwiftCompile normal x86_64 /Users/isaacherskowitz/Swift/_DumFlow/DumFlow/DumFlow/Features/BrowseForward/Models/AWSWebPageItem.swift (in target 'DumFlow' from project 'DumFlow')
    cd /Users/isaacherskowitz/Swift/_DumFlow/DumFlow
    

SwiftCompile normal x86_64 /Users/isaacherskowitz/Swift/_DumFlow/DumFlow/DumFlow/Features/Browser/Views/HistoryView.swift (in target 'DumFlow' from project 'DumFlow')
    cd /Users/isaacherskowitz/Swift/_DumFlow/DumFlow
    

SwiftCompile normal x86_64 /Users/isaacherskowitz/Swift/_DumFlow/DumFlow/DumFlow/Features/WebPages/ViewModels/WebPageViewModel+Comments.swift (in target 'DumFlow' from project 'DumFlow')
    cd /Users/isaacherskowitz/Swift/_DumFlow/DumFlow
    

SwiftCompile normal x86_64 /Users/isaacherskowitz/Swift/_DumFlow/DumFlow/DumFlow/Features/BrowseForward/Services/DynamoDBWebPageService.swift (in target 'DumFlow' from project 'DumFlow')
    cd /Users/isaacherskowitz/Swift/_DumFlow/DumFlow
    

SwiftCompile normal x86_64 /Users/isaacherskowitz/Swift/_DumFlow/DumFlow/DumFlow/Features/Comments/Views/CommentView.swift (in target 'DumFlow' from project 'DumFlow')
    cd /Users/isaacherskowitz/Swift/_DumFlow/DumFlow
    

SwiftCompile normal x86_64 /Users/isaacherskowitz/Swift/_DumFlow/DumFlow/DumFlow/Features/Browser/Views/ToolbarTestView.swift (in target 'DumFlow' from project 'DumFlow')
    cd /Users/isaacherskowitz/Swift/_DumFlow/DumFlow
    

SwiftCompile normal x86_64 /Users/isaacherskowitz/Swift/_DumFlow/DumFlow/DumFlow/Features/WebPages/Views/CompactWePageRowView.swift (in target 'DumFlow' from project 'DumFlow')
    cd /Users/isaacherskowitz/Swift/_DumFlow/DumFlow
    

SwiftEmitModule normal arm64 Emitting\ module\ for\ DumFlow (in target 'DumFlow' from project 'DumFlow')
Failed frontend command:
/Applications/Xcode.app/Contents/Developer/Toolchains/XcodeDefault.xctoolchain/usr/bin/swift-frontend -frontend -emit-module -experimental-skip-non-inlinable-function-bodies-without-types /Users/isaacherskowitz/Swift/_DumFlow/DumFlow/DumFlow/Core/Extensions/Misc+Extensions.swift /Users/isaacherskowitz/Swift/_DumFlow/DumFlow/DumFlow/Core/Utilities/FaviconFetcher.swift /Users/isaacherskowitz/Swift/_DumFlow/DumFlow/DumFlow/Core/Extensions/Date+Extensions.swift /Users/isaacherskowitz/Swift/_DumFlow/DumFlow/DumFlow/Views/DynamoDBTestView.swift /Users/isaacherskowitz/Swift/_DumFlow/DumFlow/DumFlow/Views/UserView.swift /Users/isaacherskowitz/Swift/_DumFlow/DumFlow/DumFlow/Views/BookmarkView.swift /Users/isaacherskowitz/Swift/_DumFlow/DumFlow/DumFlow/Views/TrendPageView.swift /Users/isaacherskowitz/Swift/_DumFlow/DumFlow/DumFlow/Views/RowView/WebPageRowView.swift /Users/isaacherskowitz/Swift/_DumFlow/DumFlow/DumFlow/Views/TrendingView.swift /Users/isaacherskowitz/Swift/_DumFlow/DumFlow/DumFlow/Views/RowView/ParentWebPageRowView.swift /Users/isaacherskowitz/Swift/_DumFlow/DumFlow/DumFlow/Views/SafariView.swift /Users/isaacherskowitz/Swift/_DumFlow/DumFlow/DumFlow/Views/ProfileView.swift /Users/isaacherskowitz/Swift/_DumFlow/DumFlow/DumFlow/Views/AdViews/NativeAdView.swift /Users/isaacherskowitz/Swift/_DumFlow/DumFlow/DumFlow/Views/MockButtonSheet.swift /Users/isaacherskowitz/Swift/_DumFlow/DumFlow/DumFlow/Views/WebPageCardListView.swift /Users/isaacherskowitz/Swift/_DumFlow/DumFlow/DumFlow/Views/FavoritesView.swift /Users/isaacherskowitz/Swift/_DumFlow/DumFlow/DumFlow/Views/ViewUserCommentsView\ 2.swift /Users/isaacherskowitz/Swift/_DumFlow/DumFlow/DumFlow/Views/ContentViewMenuView.swift /Users/isaacherskowitz/Swift/_DumFlow/DumFlow/DumFlow/Views/UserCommentsView.swift /Users/isaacherskowitz/Swift/_DumFlow/DumFlow/DumFlow/Views/TrendingWebView.swift /Users/isaacherskowitz/Swift/_DumFlow/DumFlow/DumFlow/Views/RowView/WebPageCardView.swift /Users/isaacherskowitz/Swift/_DumFlow/DumFlow/DumFlow/Views/SavedWebPagesView.swift /Users/isaacherskowitz/Swift/_DumFlow/DumFlow/DumFlow/Views/ReportContentView.swift /Users/isaacherskowitz/Swift/_DumFlow/DumFlow/DumFlow/Views/NoCommentsView.swift /Users/isaacherskowitz/Swift/_DumFlow/DumFlow/DumFlow/Views/webPageThumbnail.swift /Users/isaacherskowitz/Swift/_DumFlow/DumFlow/DumFlow/Views/LoadingIndicatorView.swift /Users/isaacherskowitz/Swift/_DumFlow/DumFlow/DumFlow/Views/ViewUserView.swift /Users/isaacherskowitz/Swift/_DumFlow/DumFlow/DumFlow/Core/Errors/ErrorView.swift /Users/isaacherskowitz/Swift/_DumFlow/DumFlow/DumFlow/Core/Utilities/SwiftUIView.swift /Users/isaacherskowitz/Swift/_DumFlow/DumFlow/DumFlow/Core/Extensions/UIImage+Extensions.swift /Users/isaacherskowitz/Swift/_DumFlow/DumFlow/DumFlow/Core/Extensions/Data+Extensions.swift /Users/isaacherskowitz/Swift/_DumFlow/DumFlow/DumFlow/Core/Errors/DumFlowError.swift /Users/isaacherskowitz/Swift/_DumFlow/DumFlow/DumFlow/Core/Utilities/MediaFetcher.swift /Users/isaacherskowitz/Swift/_DumFlow/DumFlow/DumFlow/Core/Extensions/String+Extensions.swift /Users/isaacherskowitz/Swift/_DumFlow/DumFlow/DumFlow/Core/Extensions/Color+Extensions.swift /Users/isaacherskowitz/Swift/_DumFlow/DumFlow/DumFlow/Core/Utilities/FeatureFlags.swift /Users/isaacherskowitz/Swift/_DumFlow/DumFlow/DumFlow/Core/Storage/URLCache.swift /Users/isaacherskowitz/Swift/_DumFlow/DumFlow/DumFlow/Services/WikipediaService.swift /Users/isaacherskowitz/Swift/_DumFlow/DumFlow/DumFlow/Services/FollowService.swift /Users/isaacherskowitz/Swift/_DumFlow/DumFlow/DumFlow/App/DumFlowApp.swift /Users/isaacherskowitz/Swift/_DumFlow/DumFlow/DumFlow/Services/WebPageService.swift /Users/isaacherskowitz/Swift/_DumFlow/DumFlow/DumFlow/Features/Browser/Views/ReaderModeSettingsView.swift /Users/isaacherskowitz/Swift/_DumFlow/DumFlow/DumFlow/Features/WebPages/ViewModels/WebPageViewModel+HTML.swift /Users/isaacherskowitz/Swift/_DumFlow/DumFlow/DumFlow/Features/Comments/Views/CommpressedParentCommentRowView.swift /Users/isaacherskowitz/Swift/_DumFlow/DumFlow/DumFlow/Features/Browser/Views/WebKitLoadingView.swift /Users/isaacherskowitz/Swift/_DumFlow/DumFlow/DumFlow/Features/Authentication/Views/SignInView.swift /Users/isaacherskowitz/Swift/_DumFlow/DumFlow/DumFlow/Features/Browser/Models/CK_BrowserTab.swift /Users/isaacherskowitz/Swift/_DumFlow/DumFlow/DumFlow/Features/WebPages/Models/CK_WebPage.swift /Users/isaacherskowitz/Swift/_DumFlow/DumFlow/DumFlow/Features/Comments/Models/CommentLike.swift /Users/isaacherskowitz/Swift/_DumFlow/DumFlow/DumFlow/Features/Browser/Services/BrowserTabService.swift /Users/isaacherskowitz/Swift/_DumFlow/DumFlow/DumFlow/Features/BrowseForward/Models/AWSWebPageItem.swift /Users/isaacherskowitz/Swift/_DumFlow/DumFlow/DumFlow/Features/Browser/Views/HistoryView.swift /Users/isaacherskowitz/Swift/_DumFlow/DumFlow/DumFlow/Features/WebPages/ViewModels/WebPageViewModel+Comments.swift /Users/isaacherskowitz/Swift/_DumFlow/DumFlow/DumFlow/Features/BrowseForward/Services/DynamoDBWebPageService.swift /Users/isaacherskowitz/Swift/_DumFlow/DumFlow/DumFlow/Features/Comments/Views/CommentView.swift /Users/isaacherskowitz/Swift/_DumFlow/DumFlow/DumFlow/Features/Browser/Views/ToolbarTestView.swift /Users/isaacherskowitz/Swift/_DumFlow/DumFlow/DumFlow/Features/WebPages/Views/CompactWePageRowView.swift /Users/isaacherskowitz/Swift/_DumFlow/DumFlow/DumFlow/Features/BrowseForward/Views/BrowseForwardPreferencesView.swift /Users/isaacherskowitz/Swift/_DumFlow/DumFlow/DumFlow/Features/Comments/Views/ParentCommentRowView.swift /Users/isaacherskowitz/Swift/_DumFlow/DumFlow/DumFlow/Features/Browser/Models/CK_BrowserHistory.swift /Users/isaacherskowitz/Swift/_DumFlow/DumFlow/DumFlow/Features/Comments/Models/CK_Comment.swift /Users/isaacherskowitz/Swift/_DumFlow/DumFlow/DumFlow/Features/Browser/Services/BrowserHistoryService.swift /Users/isaacherskowitz/Swift/_DumFlow/DumFlow/DumFlow/Features/Comments/Services/CommentService.swift /Users/isaacherskowitz/Swift/_DumFlow/DumFlow/DumFlow/Features/WebPages/ViewModels/WebPageViewModel.swift /Users/isaacherskowitz/Swift/_DumFlow/DumFlow/DumFlow/Features/Comments/Views/CommentThreadView.swift /Users/isaacherskowitz/Swift/_DumFlow/DumFlow/DumFlow/Features/Browser/Views/TabOverviewView.swift /Users/isaacherskowitz/Swift/_DumFlow/DumFlow/DumFlow/Features/Comments/Views/ReplyView.swift /Users/isaacherskowitz/Swift/_DumFlow/DumFlow/DumFlow/Features/Authentication/ViewModels/AuthViewModel.swift /Users/isaacherskowitz/Swift/_DumFlow/DumFlow/DumFlow/Features/Comments/Views/InfiniteReplyView.swift /Users/isaacherskowitz/Swift/_DumFlow/DumFlow/DumFlow/Features/Authentication/Views/WelcomeView.swift /Users/isaacherskowitz/Swift/_DumFlow/DumFlow/DumFlow/Features/WebPages/Models/WebPageSave.swift /Users/isaacherskowitz/Swift/_DumFlow/DumFlow/DumFlow/Features/Comments/Views/CommentRowView.swift /Users/isaacherskowitz/Swift/_DumFlow/DumFlow/DumFlow/Features/Browser/Views/TabBarView.swift /Users/isaacherskowitz/Swift/_DumFlow/DumFlow/DumFlow/CloudKit/CloudKitError.swift /Users/isaacherskowitz/Swift/_DumFlow/DumFlow/DumFlow/CloudKit/UserService.swift /Users/isaacherskowitz/Swift/_DumFlow/DumFlow/DumFlow/CloudKit/CloudKitManager.swift /Users/isaacherskowitz/Swift/_DumFlow/DumFlow/DumFlow/Features/BrowseForward/ViewModels/BrowseForwardViewModel.swift /Users/isaacherskowitz/Swift/_DumFlow/DumFlow/DumFlow/Features/Comments/Views/ExpandableCommentRowView.swift /Users/isaacherskowitz/Swift/_DumFlow/DumFlow/DumFlow/Features/Browser/Views/WebView.swift /Users/isaacherskowitz/Swift/_DumFlow/DumFlow/DumFlow/Features/WebPages/Views/NoWebPageCommentsView.swift /Users/isaacherskowitz/Swift/_DumFlow/DumFlow/DumFlow/Features/Authentication/Views/UsernameSelectionView.swift /Users/isaacherskowitz/Swift/_DumFlow/DumFlow/DumFlow/Features/Browser/Models/ReaderMode.swift /Users/isaacherskowitz/Swift/_DumFlow/DumFlow/DumFlow/Features/WebPages/Models/WebPageLike.swift /Users/isaacherskowitz/Swift/_DumFlow/DumFlow/DumFlow/Features/Comments/Models/CommentSave.swift /Users/isaacherskowitz/Swift/_DumFlow/DumFlow/DumFlow/Features/Browser/Services/ReaderModeService.swift /Users/isaacherskowitz/Swift/_DumFlow/DumFlow/DumFlow/Shared/Models/TemporaryWebPageData.swift /Users/isaacherskowitz/Swift/_DumFlow/DumFlow/DumFlow/Shared/Views/ContentView.swift /Users/isaacherskowitz/Swift/_DumFlow/DumFlow/DumFlow/Shared/Views/FaviconView.swift /Users/isaacherskowitz/Swift/_DumFlow/DumFlow/DumFlow/Features/Comments/Views/CenterCommentRowView.swift /Users/isaacherskowitz/Library/Developer/Xcode/DerivedData/DumFlow-bahhtdjyrsbrxwbomcgsfowybmln/Build/Intermediates.noindex/DumFlow.build/Debug-iphonesimulator/DumFlow.build/DerivedSources/GeneratedAssetSymbols.swift -target arm64-apple-ios26.0-simulator -Xllvm -aarch64-use-tbi -enable-objc-interop -sdk /Applications/Xcode.app/Contents/Developer/Platforms/iPhoneSimulator.platform/Developer/SDKs/iPhoneSimulator18.5.sdk -I /Users/isaacherskowitz/Library/Developer/Xcode/DerivedData/DumFlow-bahhtdjyrsbrxwbomcgsfowybmln/Build/Products/Debug-iphonesimulator -F /Users/isaacherskowitz/Library/Developer/Xcode/DerivedData/DumFlow-bahhtdjyrsbrxwbomcgsfowybmln/Build/Products/Debug-iphonesimulator -no-color-diagnostics -enable-testing -g -debug-info-format\=dwarf -dwarf-version\=5 -module-cache-path /Users/isaacherskowitz/Library/Developer/Xcode/DerivedData/ModuleCache.noindex -profile-generate -profile-coverage-mapping -swift-version 5 -enforce-exclusivity\=checked -Onone -D DEBUG -serialize-debugging-options -const-gather-protocols-file /Users/isaacherskowitz/Library/Developer/Xcode/DerivedData/DumFlow-bahhtdjyrsbrxwbomcgsfowybmln/Build/Intermediates.noindex/DumFlow.build/Debug-iphonesimulator/DumFlow.build/Objects-normal/arm64/DumFlow_const_extract_protocols.json -enable-experimental-feature DebugDescriptionMacro -enable-bare-slash-regex -empty-abi-descriptor -validate-clang-modules-once -clang-build-session-file /Users/isaacherskowitz/Library/Developer/Xcode/DerivedData/ModuleCache.noindex/Session.modulevalidation -Xcc -working-directory -Xcc /Users/isaacherskowitz/Swift/_DumFlow/DumFlow -resource-dir /Applications/Xcode.app/Contents/Developer/Toolchains/XcodeDefault.xctoolchain/usr/lib/swift -enable-anonymous-context-mangled-names -file-compilation-dir /Users/isaacherskowitz/Swift/_DumFlow/DumFlow -Xcc -ivfsstatcache -Xcc /Users/isaacherskowitz/Library/Developer/Xcode/DerivedData/SDKStatCaches.noindex/iphonesimulator18.5-22F76-d5fc8ad4295d2ef488fb7d0f804ce0c4.sdkstatcache -Xcc -I/Users/isaacherskowitz/Library/Developer/Xcode/DerivedData/DumFlow-bahhtdjyrsbrxwbomcgsfowybmln/Build/Intermediates.noindex/DumFlow.build/Debug-iphonesimulator/DumFlow.build/swift-overrides.hmap -Xcc -iquote -Xcc /Users/isaacherskowitz/Library/Developer/Xcode/DerivedData/DumFlow-bahhtdjyrsbrxwbomcgsfowybmln/Build/Intermediates.noindex/DumFlow.build/Debug-iphonesimulator/DumFlow.build/DumFlow-generated-files.hmap -Xcc -I/Users/isaacherskowitz/Library/Developer/Xcode/DerivedData/DumFlow-bahhtdjyrsbrxwbomcgsfowybmln/Build/Intermediates.noindex/DumFlow.build/Debug-iphonesimulator/DumFlow.build/DumFlow-own-target-headers.hmap -Xcc -I/Users/isaacherskowitz/Library/Developer/Xcode/DerivedData/DumFlow-bahhtdjyrsbrxwbomcgsfowybmln/Build/Intermediates.noindex/DumFlow.build/Debug-iphonesimulator/DumFlow.build/DumFlow-all-target-headers.hmap -Xcc -iquote -Xcc /Users/isaacherskowitz/Library/Developer/Xcode/DerivedData/DumFlow-bahhtdjyrsbrxwbomcgsfowybmln/Build/Intermediates.noindex/DumFlow.build/Debug-iphonesimulator/DumFlow.build/DumFlow-project-headers.hmap -Xcc -I/Users/isaacherskowitz/Library/Developer/Xcode/DerivedData/DumFlow-bahhtdjyrsbrxwbomcgsfowybmln/Build/Products/Debug-iphonesimulator/include -Xcc -I/Users/isaacherskowitz/Library/Developer/Xcode/DerivedData/DumFlow-bahhtdjyrsbrxwbomcgsfowybmln/Build/Intermediates.noindex/DumFlow.build/Debug-iphonesimulator/DumFlow.build/DerivedSources-normal/arm64 -Xcc -I/Users/isaacherskowitz/Library/Developer/Xcode/DerivedData/DumFlow-bahhtdjyrsbrxwbomcgsfowybmln/Build/Intermediates.noindex/DumFlow.build/Debug-iphonesimulator/DumFlow.build/DerivedSources/arm64 -Xcc -I/Users/isaacherskowitz/Library/Developer/Xcode/DerivedData/DumFlow-bahhtdjyrsbrxwbomcgsfowybmln/Build/Intermediates.noindex/DumFlow.build/Debug-iphonesimulator/DumFlow.build/DerivedSources -Xcc -DDEBUG\=1 -module-name DumFlow -frontend-parseable-output -disable-clang-spi -target-sdk-version 18.5 -target-sdk-name iphonesimulator18.5 -external-plugin-path /Applications/Xcode.app/Contents/Developer/Platforms/iPhoneOS.platform/Developer/usr/lib/swift/host/plugins\#/Applications/Xcode.app/Contents/Developer/Platforms/iPhoneOS.platform/Developer/usr/bin/swift-plugin-server -external-plugin-path /Applications/Xcode.app/Contents/Developer/Platforms/iPhoneOS.platform/Developer/usr/local/lib/swift/host/plugins\#/Applications/Xcode.app/Contents/Developer/Platforms/iPhoneOS.platform/Developer/usr/bin/swift-plugin-server -in-process-plugin-server-path /Applications/Xcode.app/Contents/Developer/Toolchains/XcodeDefault.xctoolchain/usr/lib/swift/host/libSwiftInProcPluginServer.dylib -plugin-path /Applications/Xcode.app/Contents/Developer/Toolchains/XcodeDefault.xctoolchain/usr/lib/swift/host/plugins -plugin-path /Applications/Xcode.app/Contents/Developer/Toolchains/XcodeDefault.xctoolchain/usr/local/lib/swift/host/plugins -emit-module-doc-path /Users/isaacherskowitz/Library/Developer/Xcode/DerivedData/DumFlow-bahhtdjyrsbrxwbomcgsfowybmln/Build/Intermediates.noindex/DumFlow.build/Debug-iphonesimulator/DumFlow.build/Objects-normal/arm64/DumFlow.swiftdoc -emit-module-source-info-path /Users/isaacherskowitz/Library/Developer/Xcode/DerivedData/DumFlow-bahhtdjyrsbrxwbomcgsfowybmln/Build/Intermediates.noindex/DumFlow.build/Debug-iphonesimulator/DumFlow.build/Objects-normal/arm64/DumFlow.swiftsourceinfo -emit-objc-header-path /Users/isaacherskowitz/Library/Developer/Xcode/DerivedData/DumFlow-bahhtdjyrsbrxwbomcgsfowybmln/Build/Intermediates.noindex/DumFlow.build/Debug-iphonesimulator/DumFlow.build/Objects-normal/arm64/DumFlow-Swift.h -serialize-diagnostics-path /Users/isaacherskowitz/Library/Developer/Xcode/DerivedData/DumFlow-bahhtdjyrsbrxwbomcgsfowybmln/Build/Intermediates.noindex/DumFlow.build/Debug-iphonesimulator/DumFlow.build/Objects-normal/arm64/DumFlow-master-emit-module.dia -emit-dependencies-path /Users/isaacherskowitz/Library/Developer/Xcode/DerivedData/DumFlow-bahhtdjyrsbrxwbomcgsfowybmln/Build/Intermediates.noindex/DumFlow.build/Debug-iphonesimulator/DumFlow.build/Objects-normal/arm64/DumFlow-master-emit-module.d -o /Users/isaacherskowitz/Library/Developer/Xcode/DerivedData/DumFlow-bahhtdjyrsbrxwbomcgsfowybmln/Build/Intermediates.noindex/DumFlow.build/Debug-iphonesimulator/DumFlow.build/Objects-normal/arm64/DumFlow.swiftmodule -emit-abi-descriptor-path /Users/isaacherskowitz/Library/Developer/Xcode/DerivedData/DumFlow-bahhtdjyrsbrxwbomcgsfowybmln/Build/Intermediates.noindex/DumFlow.build/Debug-iphonesimulator/DumFlow.build/Objects-normal/arm64/DumFlow.abi.json

EmitSwiftModule normal arm64 (in target 'DumFlow' from project 'DumFlow')
    cd /Users/isaacherskowitz/Swift/_DumFlow/DumFlow
    
/Users/isaacherskowitz/Swift/_DumFlow/DumFlow/DumFlow/Features/WebPages/ViewModels/WebPageViewModel.swift:16:25: error: cannot find type 'User' in scope
    var followedUsers: [User] = []
                        ^~~~
/Users/isaacherskowitz/Swift/_DumFlow/DumFlow/DumFlow/Views/UserView.swift:12:35: error: cannot find type 'User' in scope
    @State private var allUsers: [User] = []
                                  ^~~~
/Users/isaacherskowitz/Swift/_DumFlow/DumFlow/DumFlow/Views/BookmarkView.swift:17:40: error: cannot find type 'User' in scope
    @State private var followedUsers: [User] = []
                                       ^~~~
/Users/isaacherskowitz/Swift/_DumFlow/DumFlow/DumFlow/Views/ViewUserCommentsView 2.swift:21:30: error: cannot find type 'User' in scope
    @State private var user: User
                             ^~~~
/Users/isaacherskowitz/Swift/_DumFlow/DumFlow/DumFlow/Views/ViewUserCommentsView 2.swift:42:36: error: cannot find type 'User' in scope
    init(filter: FilterType, user: User) {
                                   ^~~~
/Users/isaacherskowitz/Swift/_DumFlow/DumFlow/DumFlow/Views/ViewUserView.swift:12:46: error: cannot find 'UserViewModel' in scope
    @StateObject private var userViewModel = UserViewModel()
                                             ^~~~~~~~~~~~~
/Users/isaacherskowitz/Swift/_DumFlow/DumFlow/DumFlow/Services/FollowService.swift:66:46: error: cannot find type 'User' in scope
    func getFollowedUsers() async throws -> [User] {
                                             ^~~~
/Users/isaacherskowitz/Swift/_DumFlow/DumFlow/DumFlow/Services/FollowService.swift:91:42: error: cannot find type 'User' in scope
    func getFollowers() async throws -> [User] {
                                         ^~~~
/Users/isaacherskowitz/Swift/_DumFlow/DumFlow/DumFlow/Services/FollowService.swift:193:60: error: cannot find type 'User' in scope
    private func fetchUser(userID: String) async throws -> User? {
                                                           ^~~~
/Users/isaacherskowitz/Swift/_DumFlow/DumFlow/DumFlow/Features/Comments/Services/CommentService.swift:88:77: error: cannot find type 'User' in scope
    private func createCommentRecord(text: String, urlString: String, user: User, quotedText: String? = nil, quotedTextSelector: String? = nil, quotedTextOffset: Int? = nil) -> CKRecord {
                                                                            ^~~~
/Users/isaacherskowitz/Swift/_DumFlow/DumFlow/DumFlow/Features/WebPages/ViewModels/WebPageViewModel.swift:96:36: error: cannot find type 'User' in scope
    func loadAllUserData(for user: User) {
                                   ^~~~
/Users/isaacherskowitz/Swift/_DumFlow/DumFlow/DumFlow/Features/WebPages/ViewModels/WebPageViewModel.swift:118:34: error: cannot find type 'User' in scope
    func loadUserLikes(for user: User) {
                                 ^~~~
/Users/isaacherskowitz/Swift/_DumFlow/DumFlow/DumFlow/Features/WebPages/ViewModels/WebPageViewModel.swift:970:39: error: cannot find type 'User' in scope
    func fetchSavedWebPages(for user: User, completion: (() -> Void)? = nil) {
                                      ^~~~
/Users/isaacherskowitz/Swift/_DumFlow/DumFlow/DumFlow/Features/WebPages/ViewModels/WebPageViewModel.swift:1082:39: error: cannot find type 'User' in scope
    func fetchSavedComments(for user: User, completion: (() -> Void)? = nil) {
                                      ^~~~
/Users/isaacherskowitz/Swift/_DumFlow/DumFlow/DumFlow/Features/WebPages/ViewModels/WebPageViewModel.swift:1194:38: error: cannot find type 'User' in scope
    func fetchUserComments(for user: User, completion: (() -> Void)? = nil) {
                                     ^~~~
/Users/isaacherskowitz/Swift/_DumFlow/DumFlow/DumFlow/Features/WebPages/ViewModels/WebPageViewModel.swift:1620:69: error: cannot find type 'User' in scope
    private func performLikeOperationLegacy(comment: Comment, user: User, completion: @escaping (Bool) -> Void) {
                                                                    ^~~~
/Users/isaacherskowitz/Swift/_DumFlow/DumFlow/DumFlow/Features/WebPages/ViewModels/WebPageViewModel.swift:1666:71: error: cannot find type 'User' in scope
    private func performUnlikeOperationLegacy(comment: Comment, user: User, completion: @escaping (Bool) -> Void) {
                                                                      ^~~~
/Users/isaacherskowitz/Swift/_DumFlow/DumFlow/DumFlow/Features/WebPages/ViewModels/WebPageViewModel.swift:1712:64: error: cannot find type 'User' in scope
    private func simpleWebPageLikeSync(webPage: WebPage, user: User, shouldLike: Bool, completion: @escaping (Bool) -> Void) {
                                                               ^~~~
/Users/isaacherskowitz/Swift/_DumFlow/DumFlow/DumFlow/Features/WebPages/ViewModels/WebPageViewModel.swift:1893:47: error: cannot find type 'User' in scope
    func fetchFollowedUsersComments(for user: User, completion: @escaping ([Comment]) -> Void) {
                                              ^~~~
/Users/isaacherskowitz/Swift/_DumFlow/DumFlow/DumFlow/Features/Authentication/ViewModels/AuthViewModel.swift:26:34: error: cannot find type 'User' in scope
    @Published var signedInUser: User? = nil
                                 ^~~~
/Users/isaacherskowitz/Swift/_DumFlow/DumFlow/DumFlow/CloudKit/UserService.swift:20:58: error: cannot find type 'User' in scope
    func updateUsername(_ newUsername: String, for user: User) async throws {
                                                         ^~~~
/Users/isaacherskowitz/Swift/_DumFlow/DumFlow/DumFlow/CloudKit/UserService.swift:33:64: error: cannot find type 'User' in scope
    func updateDisplayName(_ newDisplayName: String, for user: User) async throws {
                                                               ^~~~
/Users/isaacherskowitz/Swift/_DumFlow/DumFlow/DumFlow/CloudKit/UserService.swift:40:48: error: cannot find type 'User' in scope
    func updateBio(_ newBio: String, for user: User) async throws {
                                               ^~~~
/Users/isaacherskowitz/Swift/_DumFlow/DumFlow/DumFlow/CloudKit/UserService.swift:47:41: error: cannot find type 'User' in scope
    private func updateUserRecord(user: User, newUsername: String?, newDisplayName: String?, newBio: String? = nil) async throws {
                                        ^~~~

SwiftCompile normal arm64 Compiling\ BrowseForwardPreferencesView.swift,\ ParentCommentRowView.swift,\ CK_BrowserHistory.swift,\ CK_Comment.swift,\ BrowserHistoryService.swift,\ CommentService.swift,\ WebPageViewModel.swift,\ CommentThreadView.swift,\ TabOverviewView.swift,\ ReplyView.swift,\ AuthViewModel.swift /Users/isaacherskowitz/Swift/_DumFlow/DumFlow/DumFlow/Features/BrowseForward/Views/BrowseForwardPreferencesView.swift /Users/isaacherskowitz/Swift/_DumFlow/DumFlow/DumFlow/Features/Comments/Views/ParentCommentRowView.swift /Users/isaacherskowitz/Swift/_DumFlow/DumFlow/DumFlow/Features/Browser/Models/CK_BrowserHistory.swift /Users/isaacherskowitz/Swift/_DumFlow/DumFlow/DumFlow/Features/Comments/Models/CK_Comment.swift /Users/isaacherskowitz/Swift/_DumFlow/DumFlow/DumFlow/Features/Browser/Services/BrowserHistoryService.swift /Users/isaacherskowitz/Swift/_DumFlow/DumFlow/DumFlow/Features/Comments/Services/CommentService.swift /Users/isaacherskowitz/Swift/_DumFlow/DumFlow/DumFlow/Features/WebPages/ViewModels/WebPageViewModel.swift /Users/isaacherskowitz/Swift/_DumFlow/DumFlow/DumFlow/Features/Comments/Views/CommentThreadView.swift /Users/isaacherskowitz/Swift/_DumFlow/DumFlow/DumFlow/Features/Browser/Views/TabOverviewView.swift /Users/isaacherskowitz/Swift/_DumFlow/DumFlow/DumFlow/Features/Comments/Views/ReplyView.swift /Users/isaacherskowitz/Swift/_DumFlow/DumFlow/DumFlow/Features/Authentication/ViewModels/AuthViewModel.swift (in target 'DumFlow' from project 'DumFlow')

SwiftCompile normal arm64 /Users/isaacherskowitz/Swift/_DumFlow/DumFlow/DumFlow/Features/BrowseForward/Views/BrowseForwardPreferencesView.swift (in target 'DumFlow' from project 'DumFlow')
    cd /Users/isaacherskowitz/Swift/_DumFlow/DumFlow
    

SwiftCompile normal arm64 /Users/isaacherskowitz/Swift/_DumFlow/DumFlow/DumFlow/Features/Comments/Views/ParentCommentRowView.swift (in target 'DumFlow' from project 'DumFlow')
    cd /Users/isaacherskowitz/Swift/_DumFlow/DumFlow
    

SwiftCompile normal arm64 /Users/isaacherskowitz/Swift/_DumFlow/DumFlow/DumFlow/Features/Browser/Models/CK_BrowserHistory.swift (in target 'DumFlow' from project 'DumFlow')
    cd /Users/isaacherskowitz/Swift/_DumFlow/DumFlow
    

SwiftCompile normal arm64 /Users/isaacherskowitz/Swift/_DumFlow/DumFlow/DumFlow/Features/Comments/Models/CK_Comment.swift (in target 'DumFlow' from project 'DumFlow')
    cd /Users/isaacherskowitz/Swift/_DumFlow/DumFlow
    

SwiftCompile normal arm64 /Users/isaacherskowitz/Swift/_DumFlow/DumFlow/DumFlow/Features/Browser/Services/BrowserHistoryService.swift (in target 'DumFlow' from project 'DumFlow')
    cd /Users/isaacherskowitz/Swift/_DumFlow/DumFlow
    

SwiftCompile normal arm64 /Users/isaacherskowitz/Swift/_DumFlow/DumFlow/DumFlow/Features/Comments/Services/CommentService.swift (in target 'DumFlow' from project 'DumFlow')
    cd /Users/isaacherskowitz/Swift/_DumFlow/DumFlow
    

SwiftCompile normal arm64 /Users/isaacherskowitz/Swift/_DumFlow/DumFlow/DumFlow/Features/WebPages/ViewModels/WebPageViewModel.swift (in target 'DumFlow' from project 'DumFlow')
    cd /Users/isaacherskowitz/Swift/_DumFlow/DumFlow
    

SwiftCompile normal arm64 /Users/isaacherskowitz/Swift/_DumFlow/DumFlow/DumFlow/Features/Comments/Views/CommentThreadView.swift (in target 'DumFlow' from project 'DumFlow')
    cd /Users/isaacherskowitz/Swift/_DumFlow/DumFlow
    

SwiftCompile normal arm64 /Users/isaacherskowitz/Swift/_DumFlow/DumFlow/DumFlow/Features/Browser/Views/TabOverviewView.swift (in target 'DumFlow' from project 'DumFlow')
    cd /Users/isaacherskowitz/Swift/_DumFlow/DumFlow
    

SwiftCompile normal arm64 /Users/isaacherskowitz/Swift/_DumFlow/DumFlow/DumFlow/Features/Comments/Views/ReplyView.swift (in target 'DumFlow' from project 'DumFlow')
    cd /Users/isaacherskowitz/Swift/_DumFlow/DumFlow
    

SwiftCompile normal arm64 /Users/isaacherskowitz/Swift/_DumFlow/DumFlow/DumFlow/Features/Authentication/ViewModels/AuthViewModel.swift (in target 'DumFlow' from project 'DumFlow')
    cd /Users/isaacherskowitz/Swift/_DumFlow/DumFlow
    

SwiftDriverJobDiscovery normal x86_64 Compiling ActionViewController.swift (in target 'DumFlowShareExtension' from project 'DumFlow')

SwiftDriver\ Compilation DumFlowShareExtension normal x86_64 com.apple.xcode.tools.swift.compiler (in target 'DumFlowShareExtension' from project 'DumFlow')
    cd /Users/isaacherskowitz/Swift/_DumFlow/DumFlow
    builtin-Swift-Compilation -- /Applications/Xcode.app/Contents/Developer/Toolchains/XcodeDefault.xctoolchain/usr/bin/swiftc -module-name DumFlowShareExtension -Onone -enforce-exclusivity\=checked @/Users/isaacherskowitz/Library/Developer/Xcode/DerivedData/DumFlow-bahhtdjyrsbrxwbomcgsfowybmln/Build/Intermediates.noindex/DumFlow.build/Debug-iphonesimulator/DumFlowShareExtension.build/Objects-normal/x86_64/DumFlowShareExtension.SwiftFileList -DDEBUG -enable-bare-slash-regex -enable-experimental-feature DebugDescriptionMacro -sdk /Applications/Xcode.app/Contents/Developer/Platforms/iPhoneSimulator.platform/Developer/SDKs/iPhoneSimulator18.5.sdk -target x86_64-apple-ios17.0-simulator -g -module-cache-path /Users/isaacherskowitz/Library/Developer/Xcode/DerivedData/ModuleCache.noindex -Xfrontend -serialize-debugging-options -application-extension -profile-coverage-mapping -profile-generate -enable-testing -index-store-path /Users/isaacherskowitz/Library/Developer/Xcode/DerivedData/DumFlow-bahhtdjyrsbrxwbomcgsfowybmln/Index.noindex/DataStore -swift-version 5 -I /Users/isaacherskowitz/Library/Developer/Xcode/DerivedData/DumFlow-bahhtdjyrsbrxwbomcgsfowybmln/Build/Products/Debug-iphonesimulator -F /Users/isaacherskowitz/Library/Developer/Xcode/DerivedData/DumFlow-bahhtdjyrsbrxwbomcgsfowybmln/Build/Products/Debug-iphonesimulator -parse-as-library -emit-localized-strings -emit-localized-strings-path /Users/isaacherskowitz/Library/Developer/Xcode/DerivedData/DumFlow-bahhtdjyrsbrxwbomcgsfowybmln/Build/Intermediates.noindex/DumFlow.build/Debug-iphonesimulator/DumFlowShareExtension.build/Objects-normal/x86_64 -c -j8 -enable-batch-mode -incremental -Xcc -ivfsstatcache -Xcc /Users/isaacherskowitz/Library/Developer/Xcode/DerivedData/SDKStatCaches.noindex/iphonesimulator18.5-22F76-d5fc8ad4295d2ef488fb7d0f804ce0c4.sdkstatcache -output-file-map /Users/isaacherskowitz/Library/Developer/Xcode/DerivedData/DumFlow-bahhtdjyrsbrxwbomcgsfowybmln/Build/Intermediates.noindex/DumFlow.build/Debug-iphonesimulator/DumFlowShareExtension.build/Objects-normal/x86_64/DumFlowShareExtension-OutputFileMap.json -use-frontend-parseable-output -save-temps -no-color-diagnostics -serialize-diagnostics -emit-dependencies -emit-module -emit-module-path /Users/isaacherskowitz/Library/Developer/Xcode/DerivedData/DumFlow-bahhtdjyrsbrxwbomcgsfowybmln/Build/Intermediates.noindex/DumFlow.build/Debug-iphonesimulator/DumFlowShareExtension.build/Objects-normal/x86_64/DumFlowShareExtension.swiftmodule -validate-clang-modules-once -clang-build-session-file /Users/isaacherskowitz/Library/Developer/Xcode/DerivedData/ModuleCache.noindex/Session.modulevalidation -Xcc -I/Users/isaacherskowitz/Library/Developer/Xcode/DerivedData/DumFlow-bahhtdjyrsbrxwbomcgsfowybmln/Build/Intermediates.noindex/DumFlow.build/Debug-iphonesimulator/DumFlowShareExtension.build/swift-overrides.hmap -emit-const-values -Xfrontend -const-gather-protocols-file -Xfrontend /Users/isaacherskowitz/Library/Developer/Xcode/DerivedData/DumFlow-bahhtdjyrsbrxwbomcgsfowybmln/Build/Intermediates.noindex/DumFlow.build/Debug-iphonesimulator/DumFlowShareExtension.build/Objects-normal/x86_64/DumFlowShareExtension_const_extract_protocols.json -Xcc -iquote -Xcc /Users/isaacherskowitz/Library/Developer/Xcode/DerivedData/DumFlow-bahhtdjyrsbrxwbomcgsfowybmln/Build/Intermediates.noindex/DumFlow.build/Debug-iphonesimulator/DumFlowShareExtension.build/DumFlowShareExtension-generated-files.hmap -Xcc -I/Users/isaacherskowitz/Library/Developer/Xcode/DerivedData/DumFlow-bahhtdjyrsbrxwbomcgsfowybmln/Build/Intermediates.noindex/DumFlow.build/Debug-iphonesimulator/DumFlowShareExtension.build/DumFlowShareExtension-own-target-headers.hmap -Xcc -I/Users/isaacherskowitz/Library/Developer/Xcode/DerivedData/DumFlow-bahhtdjyrsbrxwbomcgsfowybmln/Build/Intermediates.noindex/DumFlow.build/Debug-iphonesimulator/DumFlowShareExtension.build/DumFlowShareExtension-all-target-headers.hmap -Xcc -iquote -Xcc /Users/isaacherskowitz/Library/Developer/Xcode/DerivedData/DumFlow-bahhtdjyrsbrxwbomcgsfowybmln/Build/Intermediates.noindex/DumFlow.build/Debug-iphonesimulator/DumFlowShareExtension.build/DumFlowShareExtension-project-headers.hmap -Xcc -I/Users/isaacherskowitz/Library/Developer/Xcode/DerivedData/DumFlow-bahhtdjyrsbrxwbomcgsfowybmln/Build/Products/Debug-iphonesimulator/include -Xcc -I/Users/isaacherskowitz/Library/Developer/Xcode/DerivedData/DumFlow-bahhtdjyrsbrxwbomcgsfowybmln/Build/Intermediates.noindex/DumFlow.build/Debug-iphonesimulator/DumFlowShareExtension.build/DerivedSources-normal/x86_64 -Xcc -I/Users/isaacherskowitz/Library/Developer/Xcode/DerivedData/DumFlow-bahhtdjyrsbrxwbomcgsfowybmln/Build/Intermediates.noindex/DumFlow.build/Debug-iphonesimulator/DumFlowShareExtension.build/DerivedSources/x86_64 -Xcc -I/Users/isaacherskowitz/Library/Developer/Xcode/DerivedData/DumFlow-bahhtdjyrsbrxwbomcgsfowybmln/Build/Intermediates.noindex/DumFlow.build/Debug-iphonesimulator/DumFlowShareExtension.build/DerivedSources -Xcc -DDEBUG\=1 -emit-objc-header -emit-objc-header-path /Users/isaacherskowitz/Library/Developer/Xcode/DerivedData/DumFlow-bahhtdjyrsbrxwbomcgsfowybmln/Build/Intermediates.noindex/DumFlow.build/Debug-iphonesimulator/DumFlowShareExtension.build/Objects-normal/x86_64/DumFlowShareExtension-Swift.h -working-directory /Users/isaacherskowitz/Swift/_DumFlow/DumFlow -experimental-emit-module-separately -disable-cmo

/Users/isaacherskowitz/Swift/_DumFlow/DumFlow/DumFlow.xcodeproj: warning: The iOS Simulator deployment target 'IPHONEOS_DEPLOYMENT_TARGET' is set to 26.0, but the range of supported deployment target versions is 12.0 to 18.5.99. (in target 'DumFlow' from project 'DumFlow')
** BUILD FAILED **


The following build commands failed:
	SwiftEmitModule normal arm64 Emitting\ module\ for\ DumFlow (in target 'DumFlow' from project 'DumFlow')
	EmitSwiftModule normal arm64 (in target 'DumFlow' from project 'DumFlow')
	Building project DumFlow with scheme DumFlow
(3 failures)
